***** External Functions *****
1    AddFolderIcon                                      isrt.obl(Shell.obs)
2    AddFontRegistrationToLog                           isrt.obl(Misc.obs)
3    AppSearch                                          isrt.obl(Driver.obs)
4    AskOptions                                         isrt.obl(AskOptionsDlg.obs)
5    AskPath                                            isrt.obl(AskPathDlg.obs)
6    AskYesNo                                           isrt.obl(AskYesNo.obs)
7    CCPSearch                                          isrt.obl(Driver.obs)
8    CUBRID_Installed                                   Setup.obs
9    CUBRID_Installing                                  Setup.obs
10   CUBRID_UnInstalling                                Setup.obs
11   ChangeDirectory                                    isrt.obl(Files.obs)
12   CloseFile                                          isrt.obl(Files.obs)
13   CmdGetHwndDlg                                      isrt.obl(CustomDialog.obs)
14   ComponentAddFileToLog                              isrt.obl(component.obs)
15   ComponentIsItemSelected                            isrt.obl(component.obs)
16   ComponentListItems                                 isrt.obl(component.obs)
17   ComponentSelectItem                                isrt.obl(component.obs)
18   ComponentSetupTypeEnum                             isrt.obl(component.obs)
19   ComponentSetupTypeGetData                          isrt.obl(component.obs)
20   ComponentSetupTypeSet                              isrt.obl(component.obs)
21   ComponentTreeInit                                  isrt.obl(Dialogs.obs)
22   CopyFile                                           isrt.obl(Files.obs)
23   CreateDir                                          isrt.obl(Files.obs)
24   CreateFile                                         isrt.obl(Files.obs)
25   CreateInstallationInfo                             isrt.obl(Registry.obs)
26   CreateProgramFolder                                isrt.obl(Shell.obs)
27   CreateRegistrySet                                  isrt.obl(Feature.obs)
28   CreateShellObjects                                 isrt.obl(Feature.obs)
29   CtrlGetCurSel                                      isrt.obl(CustomDialog.obs)
30   CtrlGetState                                       isrt.obl(CustomDialog.obs)
31   CtrlGetSubCommand                                  isrt.obl(CustomDialog.obs)
32   CtrlGetText                                        isrt.obl(CustomDialog.obs)
33   CtrlSelectText                                     isrt.obl(CustomDialog.obs)
34   CtrlSetCurSel                                      isrt.obl(CustomDialog.obs)
35   CtrlSetList                                        isrt.obl(CustomDialog.obs)
36   CtrlSetMLEText                                     isrt.obl(CustomDialog.obs)
37   CtrlSetState                                       isrt.obl(CustomDialog.obs)
38   CtrlSetText                                        isrt.obl(CustomDialog.obs)
39   DIFxDriverPackageUninstall                         isrt.obl(ISDIFx.obs)
40   DRMINSTALLERPRO.DRMInstallPRO                      isrt.obl(Activation.obs)
41   DRMINSTALLERPRO.DRMUnInstallPRO                    isrt.obl(Activation.obs)
42   DefineDialog                                       isrt.obl(CustomDialog.obs)
43   Delay                                              isrt.obl(Misc.obs)
44   DeleteFile                                         isrt.obl(Files.obs)
45   DeleteSingleFile                                   isrt.obl(Files.obs)
46   DialogSetDefaultFont                               isrt.obl(Dialogs.obs)
47   DialogSetFont                                      isrt.obl(Dialogs.obs)
48   DialogSetInfo                                      isrt.obl(Dialogs.obs)
49   Disable                                            isrt.obl(Enable.obs)
50   DllSizeOf                                          isrt.obl(Str.obs)
51   Do                                                 isrt.obl(Misc.obs)
52   Enable                                             isrt.obl(Enable.obs)
53   EndCurrentDialog                                   isrt.obl(Dialogs.obs)
54   EndDialog                                          isrt.obl(CustomDialog.obs)
55   EnterDisk                                          isrt.obl(EnterDisk.obs)
56   EnterPassword                                      isrt.obl(EnterPasswordDlg.obs)
57   ExistsDir                                          isrt.obl(Files.obs)
58   ExistsDisk                                         isrt.obl(Files.obs)
59   ExitInstall                                        isrt.obl(Driver.obs)
60   EzDefineDialog                                     isrt.obl(CustomDialog.obs)
61   FeatureAddFileToLog                                isrt.obl(Feature.obs)
62   FeatureCompareSizeRequired                         isrt.obl(Feature.obs)
63   FeatureErrorInfo                                   isrt.obl(Feature.obs)
64   FeatureFilterLanguage                              isrt.obl(Feature.obs)
65   FeatureFilterOS                                    isrt.obl(Feature.obs)
66   FeatureIsItemSelected                              isrt.obl(Feature.obs)
67   FeatureListItems                                   isrt.obl(Feature.obs)
68   FeaturePatch                                       isrt.obl(Feature.obs)
69   FeatureReinstall                                   isrt.obl(Feature.obs)
70   FeatureRemoveAll                                   isrt.obl(Feature.obs)
71   FeatureRemoveAllInLogOnly                          isrt.obl(Feature.obs)
72   FeatureRemoveAllInMedia                            isrt.obl(Feature.obs)
73   FeatureRemoveAllInMediaAndLog                      isrt.obl(Feature.obs)
74   FeatureSaveTarget                                  isrt.obl(Feature.obs)
75   FeatureSelectItem                                  isrt.obl(Feature.obs)
76   FeatureSelectNew                                   isrt.obl(Feature.obs)
77   FeatureSetupTypeEnum                               isrt.obl(Feature.obs)
78   FeatureSetupTypeGetData                            isrt.obl(Feature.obs)
79   FeatureSetupTypeSet                                isrt.obl(Feature.obs)
80   FeatureTransferData                                isrt.obl(Feature.obs)
81   FeatureValidate                                    isrt.obl(Feature.obs)
82   FinalConstruct                                     ifx.obl(EventsPriv.obs)
83   FinalRelease                                       ifx.obl(EventsPriv.obs)
84   FindFile                                           isrt.obl(Files.obs)
85   FormatMessage                                      isrt.obl(Misc.obs)
86   GDI32.AddFontResource                              ifx.obl(EventsPriv.obs)
87   GDI32.CreateRectRgn                                ifx.obl(EventsPriv.obs)
88   GDI32.GetDeviceCaps                                ifx.obl(EventsPriv.obs)
89   GDI32.RemoveFontResource                           ifx.obl(EventsPriv.obs)
90   GetBillboard                                       isrt.obl(SysVars.obs)
91   GetByte                                            isrt.obl(Str.obs)
92   GetCmdLine                                         isrt.obl(SysVars.obs)
93   GetCurrentDialogName                               isrt.obl(Dialogs.obs)
94   GetCurrentDir                                      isrt.obl(Files.obs)
95   GetDialogTitle                                     isrt.obl(Dialogs.obs)
96   GetDir                                             isrt.obl(Str.obs)
97   GetDisk                                            isrt.obl(Str.obs)
98   GetDiskSpace                                       isrt.obl(GSI.obs)
99   GetDiskSpaceEx                                     isrt.obl(GSI.obs)
100  GetEnabledIServices                                isrt.obl(SysVars.obs)
101  GetErrorMsg                                        isrt.obl(Dialogs.obs)
102  GetErrorTitle                                      isrt.obl(Dialogs.obs)
103  GetExtents                                         isrt.obl(GSI.obs)
104  GetFolderApplications                              isrt.obl(SysVars.obs)
105  GetFolderApplications64                            isrt.obl(SysVars.obs)
106  GetFolderDesktop                                   isrt.obl(SysVars.obs)
107  GetFolderDotNet10                                  isrt.obl(SysVars.obs)
108  GetFolderDotNet11                                  isrt.obl(SysVars.obs)
109  GetFolderDotNet20                                  isrt.obl(SysVars.obs)
110  GetFolderFonts                                     isrt.obl(SysVars.obs)
111  GetFolderPrograms                                  isrt.obl(SysVars.obs)
112  GetISRes                                           isrt.obl(SysVars.obs)
113  GetInstallScriptMSI                                isrt.obl(SysVars.obs)
114  GetInstanceGUID                                    isrt.obl(SysVars.obs)
115  GetKeyPathWinCurrVerAuto                           isrt.obl(SysVars.obs)
116  GetLog                                             isrt.obl(SysVars.obs)
117  GetLogEx                                           isrt.obl(SysVars.obs)
118  GetMaintOption                                     isrt.obl(SysVars.obs)
119  GetMaintenance                                     isrt.obl(SysVars.obs)
120  GetMultiInstanceCount                              isrt.obl(SysVars.obs)
121  GetOpenFileMode                                    isrt.obl(Files.obs)
122  GetPackageLocation                                 isrt.obl(SysVars.obs)
123  GetProductGUID                                     isrt.obl(SysVars.obs)
124  GetProfSectionKeyCount                             isrt.obl(Profile.obs)
125  GetProfString                                      isrt.obl(Profile.obs)
126  GetProfStringList                                  isrt.obl(Profile.obs)
127  GetProgramFiles                                    isrt.obl(SysVars.obs)
128  GetReinstallMode                                   isrt.obl(SysVars.obs)
129  GetRemoveAllMode                                   isrt.obl(SysVars.obs)
130  GetSelectedLanguage                                isrt.obl(SysVars.obs)
131  GetShowPasswordDialog                              isrt.obl(SysVars.obs)
132  GetSupportDir                                      isrt.obl(SysVars.obs)
133  GetSystemInfo                                      isrt.obl(GSI.obs)
134  GetTempFolder                                      isrt.obl(SysVars.obs)
135  GetTrueTypeFontFileInfo                            isrt.obl(Misc.obs)
136  GetUserSelectableAuto                              isrt.obl(SysVars.obs)
137  GetWinDir                                          isrt.obl(SysVars.obs)
138  GetWinSysDir                                       isrt.obl(SysVars.obs)
139  GetWindowHandle                                    isrt.obl(Misc.obs)
140  HIBYTE                                             isrt.obl(Misc.obs)
141  HIWORD                                             isrt.obl(Misc.obs)
142  ISDeterminePlatform                                isrt.obl(OsInfo.obs)
143  ISMIF32.InstallStatusMIF                           isrt.obl(MIF.obs)
144  ISRT.AddIcon                                       isrt.obl(Shell.obs)
145  ISRT.ComponentViewSetInfoEx                        isrt.obl(Dialogs.obs)
146  ISRT.CreateFolder                                  isrt.obl(Shell.obs)
147  ISRT.EnableHourGlass                               isrt.obl(Enable.obs)
148  ISRT.GetCPUType                                    isrt.obl(GSI.obs)
149  ISRT.GetFontSub                                    isrt.obl(Dialogs.obs)
150  ISRT.GetHandle                                     Setup.obs
151  ISRT.GetPorts                                      isrt.obl(GSI.obs)
152  ISRT.IsEmpty                                       Setup.obs
153  ISRT.IsNTAdmin                                     isrt.obl(Is.obs)
154  ISRT.IsObject                                      Setup.obs
155  ISRT.IsPowerUser                                   isrt.obl(Is.obs)
156  ISRT.LangLoadString                                isrt.obl(SDINT.obs)
157  ISRT.MessageBeepP                                  Setup.obs
158  ISRT.PathCompactPathPixel                          isrt.obl(CustomDialog.obs)
159  ISRT.PathGetDir                                    isrt.obl(Str.obs)
160  ISRT.PathGetDrive                                  isrt.obl(Str.obs)
161  ISRT.PathGetFile                                   isrt.obl(Files.obs)
162  ISRT.PathGetFileExt                                isrt.obl(Str.obs)
163  ISRT.PathGetFileName                               isrt.obl(Str.obs)
164  ISRT.PathGetLongFromShort                          isrt.obl(Str.obs)
165  ISRT.PathGetPath                                   isrt.obl(Str.obs)
166  ISRT.PathIsValidSyntax                             isrt.obl(Is.obs)
167  ISRT.VerGetFileVersion                             Setup.obs
168  ISRT._AppSearch                                    Setup.obs
169  ISRT._BrowseForFolder                              isrt.obl(SelectDir.obs)
170  ISRT._CCPSearch                                    Setup.obs
171  ISRT._CleanupInet                                  isrt.obl(MIO.obs)
172  ISRT._CloseFile                                    isrt.obl(Files.obs)
173  ISRT._CmdGetHwndDlg                                isrt.obl(CustomDialog.obs)
174  ISRT._CompareDWORD                                 isrt.obl(Extend.obs)
175  ISRT._ComponentCompareSizeRequired                 isrt.obl(Feature.obs)
176  ISRT._ComponentErrorInfo                           isrt.obl(Feature.obs)
177  ISRT._ComponentFilterLanguage                      isrt.obl(Feature.obs)
178  ISRT._ComponentFilterOS                            isrt.obl(Feature.obs)
179  ISRT._ComponentIsItemSelected                      isrt.obl(Feature.obs)
180  ISRT._ComponentListItems                           isrt.obl(Feature.obs)
181  ISRT._ComponentPatch                               isrt.obl(Feature.obs)
182  ISRT._ComponentReinstall                           isrt.obl(Feature.obs)
183  ISRT._ComponentRemoveAll                           isrt.obl(Feature.obs)
184  ISRT._ComponentRemoveAllInLogOnly                  isrt.obl(Feature.obs)
185  ISRT._ComponentSaveTarget                          isrt.obl(Feature.obs)
186  ISRT._ComponentSelectItem                          isrt.obl(Feature.obs)
187  ISRT._ComponentSelectNew                           isrt.obl(Feature.obs)
188  ISRT._ComponentSetupTypeEnum                       isrt.obl(Feature.obs)
189  ISRT._ComponentSetupTypeGetData                    isrt.obl(Feature.obs)
190  ISRT._ComponentSetupTypeSet                        isrt.obl(Feature.obs)
191  ISRT._ComponentTransferData                        isrt.obl(Feature.obs)
192  ISRT._ComponentValidate                            isrt.obl(Feature.obs)
193  ISRT._CreateDir                                    isrt.obl(Files.obs)
194  ISRT._CreateRegistrySet                            isrt.obl(Feature.obs)
195  ISRT._CreateShellObjects                           isrt.obl(Feature.obs)
196  ISRT._CtrlGetSubCommand                            isrt.obl(CustomDialog.obs)
197  ISRT._CtrlSetMLERichText                           isrt.obl(CustomDialog.obs)
198  ISRT._DIFxDriverPackageUninstall                   isrt.obl(ISDIFx.obs)
199  ISRT._DefineDialog                                 isrt.obl(CustomDialog.obs)
200  ISRT._DialogSetFont                                isrt.obl(Dialogs.obs)
201  ISRT._DisableStatus                                isrt.obl(Enable.obs)
202  ISRT._DoSprintf                                    isrt.obl(MsgBox.obs)
203  ISRT._EnableDialogCache                            isrt.obl(Enable.obs)
204  ISRT._EnablePrevDialog                             isrt.obl(AskDestPathDlg.obs)
205  ISRT._EnableSkins                                  isrt.obl(Enable.obs)
206  ISRT._EnableStatus                                 isrt.obl(Enable.obs)
207  ISRT._EnableWow64FsRedirection                     isrt.obl(Enable.obs)
208  ISRT._EndDialog                                    isrt.obl(CustomDialog.obs)
209  ISRT._ExistsDir                                    isrt.obl(Files.obs)
210  ISRT._ExistsDisk                                   isrt.obl(Files.obs)
211  ISRT._ExistsFile                                   isrt.obl(Files.obs)
212  ISRT._ExitInstall                                  Setup.obs
213  ISRT._FileCopy                                     isrt.obl(Files.obs)
214  ISRT._GetByte                                      isrt.obl(Str.obs)
215  ISRT._GetCurrentDialogName                         isrt.obl(Dialogs.obs)
216  ISRT._GetDiskSpaceEx                               isrt.obl(GSI.obs)
217  ISRT._GetGlobalMemorySize                          isrt.obl(GSI.obs)
218  ISRT._GetProcessorInfo                             isrt.obl(OsInfo.obs)
219  ISRT._GetRunningChildProcessEx                     isrt.obl(Extend.obs)
220  ISRT._GetSupportDir                                isrt.obl(SysVars.obs)
221  ISRT._GetTrueTypeFontFileInfo                      isrt.obl(Misc.obs)
222  ISRT._InetEndofTransfer                            isrt.obl(iftw.obs)
223  ISRT._InetGetNextDisk                              isrt.obl(iftw.obs)
224  ISRT._InitInstall                                  Setup.obs
225  ISRT._IsFontTypefaceNameAvailable                  isrt.obl(Is.obs)
226  ISRT._IsInAdminGroup                               isrt.obl(Is.obs)
227  ISRT._IsSkinLoaded                                 isrt.obl(Is.obs)
228  ISRT._IsWindowsME                                  isrt.obl(GSI.obs)
229  ISRT._IsWow64                                      isrt.obl(OsInfo.obs)
230  ISRT._ListAddItem                                  isrt.obl(scrlist.obs)
231  ISRT._ListAddString                                isrt.obl(scrlist.obs)
232  ISRT._ListCount                                    isrt.obl(scrlist.obs)
233  ISRT._ListCreate                                   isrt.obl(scrlist.obs)
234  ISRT._ListCurrentString                            isrt.obl(scrlist.obs)
235  ISRT._ListDeleteItem                               isrt.obl(scrlist.obs)
236  ISRT._ListDeleteString                             isrt.obl(scrlist.obs)
237  ISRT._ListDestroy                                  isrt.obl(scrlist.obs)
238  ISRT._ListFindString                               isrt.obl(scrlist.obs)
239  ISRT._ListGetFirstItem                             isrt.obl(scrlist.obs)
240  ISRT._ListGetFirstString                           isrt.obl(scrlist.obs)
241  ISRT._ListGetNextItem                              isrt.obl(scrlist.obs)
242  ISRT._ListGetNextString                            isrt.obl(scrlist.obs)
243  ISRT._ListGetType                                  isrt.obl(scrlist.obs)
244  ISRT._ListReadFromFile                             isrt.obl(scrlist.obs)
245  ISRT._ListSetIndex                                 isrt.obl(scrlist.obs)
246  ISRT._MediaGetInfo                                 isrt.obl(Feature.obs)
247  ISRT._OnUninstPriv                                 Setup.obs
248  ISRT._OpenFile                                     isrt.obl(Files.obs)
249  ISRT._Preprogram                                   Setup.obs
250  ISRT._Rebooted                                     Setup.obs
251  ISRT._RegCreateKey                                 isrt.obl(Registry.obs)
252  ISRT._RegDeleteValue                               isrt.obl(Registry.obs)
253  ISRT._RegEnableTextSubs                            isrt.obl(Enable.obs)
254  ISRT._RegEnum                                      isrt.obl(Registry.obs)
255  ISRT._RegGetOptions                                isrt.obl(SysVars.obs)
256  ISRT._RegIsRemoteRegConnected                      isrt.obl(Is.obs)
257  ISRT._RegQueryKeyBinaryValue                       isrt.obl(Registry.obs)
258  ISRT._RegQueryKeyValue                             isrt.obl(Registry.obs)
259  ISRT._RegSetKeyBinaryValue                         isrt.obl(Registry.obs)
260  ISRT._RegSetKeyValue                               isrt.obl(Registry.obs)
261  ISRT._RegSetOptions                                isrt.obl(SysVars.obs)
262  ISRT._ReleaseDialog                                isrt.obl(CustomDialog.obs)
263  ISRT._SdShowMsg                                    isrt.obl(SDSMSG.obs)
264  ISRT._SetAltMainImage                              isrt.obl(Dialogs.obs)
265  ISRT._SetDisplayEffect                             isrt.obl(ui.obs)
266  ISRT._SetPaletteFile                               isrt.obl(MIO.obs)
267  ISRT._SetSilentSdShowMsg                           isrt.obl(Enable.obs)
268  ISRT._SetTitle                                     isrt.obl(ui.obs)
269  ISRT._SetupInet                                    isrt.obl(MIO.obs)
270  ISRT._SetupTraceWrite                              isrt.obl(Misc.obs)
271  ISRT._ShowObjWizardPages                           isrt.obl(Objects.obs)
272  ISRT._ShowWizardPages                              Setup.obs
273  ISRT._StatusUpdate                                 isrt.obl(ui.obs)
274  ISRT._WaitOnDialog                                 isrt.obl(CustomDialog.obs)
275  ISRT._WriteLine                                    isrt.obl(Files.obs)
276  ISRT.__CreateObjectContext                         isrt.obl(ISRTInit.obs)
277  ISRT.__GetCmdLineOptions                           isrt.obl(ISRTInit.obs)
278  ISRT.__GetContextGUID                              isrt.obl(ISRTInit.obs)
279  ISRT.__GetEnabledIServices                         isrt.obl(SysVars.obs)
280  ISRT.__GetFileRegistrar                            isrt.obl(ISRTInit.obs)
281  ISRT.__GetInfo                                     isrt.obl(ISRTInit.obs)
282  ISRT.__GetInstallGuid                              isrt.obl(SysVars.obs)
283  ISRT.__GetLog                                      isrt.obl(SysVars.obs)
284  ISRT.__GetLogDB                                    isrt.obl(ISRTInit.obs)
285  ISRT.__GetLogEx                                    isrt.obl(SysVars.obs)
286  ISRT.__GetMainWindow                               Setup.obs
287  ISRT.__GetMaintOption                              isrt.obl(SysVars.obs)
288  ISRT.__GetMaintenanceMode                          isrt.obl(SysVars.obs)
289  ISRT.__GetObjects                                  isrt.obl(ISRTInit.obs)
290  ISRT.__GetProductGuid                              isrt.obl(SysVars.obs)
291  ISRT.__GetProgress                                 Setup.obs
292  ISRT.__GetReboot                                   isrt.obl(ISRTInit.obs)
293  ISRT.__GetReinstallMode                            isrt.obl(SysVars.obs)
294  ISRT.__GetRemoveAllMode                            isrt.obl(SysVars.obs)
295  ISRT.__GetTextSub                                  isrt.obl(ISRTInit.obs)
296  ISRT.__GetUpdateMode                               isrt.obl(SysVars.obs)
297  ISRT.__GetUser                                     isrt.obl(MIO.obs)
298  ISRT.__ISRTGetPropertyBag                          ifx.obl(PersistPropertyBag.obs)
299  ISRT.__ISRTReleasePropertyBag                      ifx.obl(PersistPropertyBag.obs)
300  ISRT.__LoadString                                  isrt.obl(LoadStr.obs)
301  ISRT.__PutEnabledIServices                         isrt.obl(Enable.obs)
302  ISRT.__ReleaseObjectContext                        isrt.obl(ISRTInit.obs)
303  ISRT.__RestoreMainLog                              isrt.obl(ISRTInit.obs)
304  ISRT.__RestoreMainLogEx                            isrt.obl(ISRTInit.obs)
305  ISRT.__SetComponentLog                             isrt.obl(ISRTInit.obs)
306  ISRT.__SetUpdateMode                               isrt.obl(SysVars.obs)
307  ISRTHandleScriptException                          isrt.obl(Misc.obs)
308  ISRTOnUninstPriv                                   isrt.obl(Driver.obs)
309  ISRTPreprogram                                     isrt.obl(Driver.obs)
310  IfxFilterComponents                                ifx.obl(EventsSetupPriv.obs)
311  IfxFinalConstruct                                  ifx.obl(EventsSetupPriv.obs)
312  IfxFinalRelease                                    ifx.obl(EventsSetupPriv.obs)
313  IfxInitProperties                                  ifx.obl(PersistPropertyBag.obs)
314  IfxOnAbortInstall                                  ifx.obl(EventsPriv.obs)
315  IfxOnAppSearch                                     ifx.obl(EventsPriv.obs)
316  IfxOnCCPSearch                                     ifx.obl(EventsPriv.obs)
317  IfxOnCanceling                                     ifx.obl(EventsPriv.obs)
318  IfxOnDisk1Installed                                ifx.obl(EventsSetupPriv.obs)
319  IfxOnDisk1Installing                               ifx.obl(EventsSetupPriv.obs)
320  IfxOnExitInstall                                   ifx.obl(EventsSetupPriv.obs)
321  IfxOnFileError                                     ifx.obl(EventsSetupPriv.obs)
322  IfxOnFileLocked                                    ifx.obl(EventsSetupPriv.obs)
323  IfxOnFileReadOnly                                  ifx.obl(EventsSetupPriv.obs)
324  IfxOnGeneralScriptOp                               ifx.obl(EventsPriv.obs)
325  IfxOnHelp                                          ifx.obl(EventsPriv.obs)
326  IfxOnInitInstall                                   ifx.obl(EventsSetupPriv.obs)
327  IfxOnInternetError                                 ifx.obl(EventsSetupPriv.obs)
328  IfxOnMD5Error                                      ifx.obl(EventsSetupPriv.obs)
329  IfxOnNextDisk                                      ifx.obl(EventsSetupPriv.obs)
330  IfxOnRebooted                                      ifx.obl(EventsPriv.obs)
331  IfxOnRemovingSharedFile                            ifx.obl(EventsSetupPriv.obs)
332  IfxOnShowWizardPages                               ifx.obl(EventsSetupPriv.obs)
333  IfxOnTransferred                                   ifx.obl(EventsPriv.obs)
334  IfxOnTransferring                                  ifx.obl(EventsSetupPriv.obs)
335  IfxOnUnhandledException                            ifx.obl(EventsPriv.obs)
336  IfxOnUninst                                        ifx.obl(EventsSetupPriv.obs)
337  IfxOnUninstPriv                                    ifx.obl(EventsSetupPriv.obs)
338  IfxPostprogram                                     ifx.obl(EventsSetupPriv.obs)
339  IfxPreprogram                                      ifx.obl(EventsSetupPriv.obs)
340  IfxReadProperties                                  ifx.obl(PersistPropertyBag.obs)
341  IfxRunAfterReboot                                  ifx.obl(EventsSetupPriv.obs)
342  IfxWriteProperties                                 ifx.obl(PersistPropertyBag.obs)
343  InetEndofTransfer                                  isrt.obl(iftw.obs)
344  InetNextDisk                                       isrt.obl(iftw.obs)
345  InitInstall                                        isrt.obl(Driver.obs)
346  InitProperties                                     ifx.obl(PersistPropertyBag.obs)
347  Is                                                 isrt.obl(Is.obs)
348  IsInetInstall                                      isrt.obl(iftw.obs)
349  KERNEL.GetModuleHandle                             Setup.obs
350  KERNEL32.CloseHandle                               ifx.obl(EventsPriv.obs)
351  KERNEL32.CreateFileA                               ifx.obl(EventsPriv.obs)
352  KERNEL32.CreateProcess                             ifx.obl(EventsPriv.obs)
353  KERNEL32.DeleteFileA                               ifx.obl(EventsPriv.obs)
354  KERNEL32.FindClose                                 ifx.obl(EventsPriv.obs)
355  KERNEL32.FindFirstFileA                            ifx.obl(EventsPriv.obs)
356  KERNEL32.FindNextFileA                             ifx.obl(EventsPriv.obs)
357  KERNEL32.FormatMessageA                            ifx.obl(EventsPriv.obs)
358  KERNEL32.FreeLibrary                               ifx.obl(EventsPriv.obs)
359  KERNEL32.GetCurrentDirectoryA                      ifx.obl(EventsPriv.obs)
360  KERNEL32.GetDriveType                              ifx.obl(EventsPriv.obs)
361  KERNEL32.GetExitCodeProcess                        ifx.obl(EventsPriv.obs)
362  KERNEL32.GetFileAttributesA                        ifx.obl(EventsPriv.obs)
363  KERNEL32.GetLocalTime                              ifx.obl(EventsPriv.obs)
364  KERNEL32.GetLocaleInfo                             ifx.obl(EventsPriv.obs)
365  KERNEL32.GetPrivateProfileSectionA                 ifx.obl(EventsPriv.obs)
366  KERNEL32.GetPrivateProfileString                   ifx.obl(EventsPriv.obs)
367  KERNEL32.GetPrivateProfileStringA                  ifx.obl(EventsPriv.obs)
368  KERNEL32.GetProcAddress                            ifx.obl(EventsPriv.obs)
369  KERNEL32.GetProcessId                              ifx.obl(EventsPriv.obs)
370  KERNEL32.GetProfileStringA                         ifx.obl(EventsPriv.obs)
371  KERNEL32.GetSystemDefaultLCID                      ifx.obl(EventsPriv.obs)
372  KERNEL32.GetSystemDefaultLangID                    ifx.obl(EventsPriv.obs)
373  KERNEL32.GetSystemDefaultUILanguage                ifx.obl(EventsPriv.obs)
374  KERNEL32.GetTickCount                              ifx.obl(EventsPriv.obs)
375  KERNEL32.GetUserDefaultLangID                      ifx.obl(EventsPriv.obs)
376  KERNEL32.GetVersion                                ifx.obl(EventsPriv.obs)
377  KERNEL32.GetVersionEx                              ifx.obl(EventsPriv.obs)
378  KERNEL32.GetVolumeInformation                      ifx.obl(EventsPriv.obs)
379  KERNEL32.GetWindowsDirectory                       ifx.obl(EventsPriv.obs)
380  KERNEL32.LoadLibraryA                              ifx.obl(EventsPriv.obs)
381  KERNEL32.SetCurrentDirectoryA                      ifx.obl(EventsPriv.obs)
382  KERNEL32.SetFileAttributesA                        ifx.obl(EventsPriv.obs)
383  KERNEL32.Sleep                                     ifx.obl(EventsPriv.obs)
384  KERNEL32.WritePrivateProfileString                 ifx.obl(EventsPriv.obs)
385  KERNEL32.WritePrivateProfileStringA                ifx.obl(EventsPriv.obs)
386  KERNEL32.WriteProfileStringA                       ifx.obl(EventsPriv.obs)
387  KERNEL32.lstrlen                                   ifx.obl(EventsPriv.obs)
388  Kernel32.GetACP                                    Setup.obs
389  LOBYTE                                             isrt.obl(Misc.obs)
390  LOWORD                                             isrt.obl(Misc.obs)
391  LaunchAppAndWait                                   isrt.obl(Extend.obs)
392  LaunchAppAndWaitInitStartupInfo                    isrt.obl(Extend.obs)
393  LaunchApplication                                  isrt.obl(Extend.obs)
394  LaunchApplicationInit                              isrt.obl(Extend.obs)
395  ListAddItem                                        isrt.obl(scrlist.obs)
396  ListAddString                                      isrt.obl(scrlist.obs)
397  ListCount                                          isrt.obl(scrlist.obs)
398  ListCreate                                         isrt.obl(scrlist.obs)
399  ListCurrentString                                  isrt.obl(scrlist.obs)
400  ListDeleteItem                                     isrt.obl(scrlist.obs)
401  ListDeleteString                                   isrt.obl(scrlist.obs)
402  ListDestroy                                        isrt.obl(scrlist.obs)
403  ListFindString                                     isrt.obl(scrlist.obs)
404  ListGetFirstItem                                   isrt.obl(scrlist.obs)
405  ListGetFirstString                                 isrt.obl(scrlist.obs)
406  ListGetNextItem                                    isrt.obl(scrlist.obs)
407  ListGetNextString                                  isrt.obl(scrlist.obs)
408  ListGetType                                        isrt.obl(scrlist.obs)
409  ListReadFromFile                                   isrt.obl(scrlist.obs)
410  ListSetIndex                                       isrt.obl(scrlist.obs)
411  ListValid                                          isrt.obl(scrlist.obs)
412  ListValidType                                      isrt.obl(scrlist.obs)
413  LoadStringFromStringTable                          isrt.obl(Str.obs)
414  LogReadCustomString                                isrt.obl(Misc.obs)
415  LogReadCustomVariant                               isrt.obl(Misc.obs)
416  LogWriteCustomString                               isrt.obl(Misc.obs)
417  LogWriteCustomVariant                              isrt.obl(Misc.obs)
418  LongPathFromShortPath                              isrt.obl(Str.obs)
419  LongPathToQuote                                    isrt.obl(Str.obs)
420  MAKELONG                                           isrt.obl(Misc.obs)
421  MIFCreateMIFFile                                   isrt.obl(MIF.obs)
422  MIFDeleteMIFFile                                   isrt.obl(MIF.obs)
423  MIFInitialize                                      isrt.obl(MIF.obs)
424  MIFSetInformation                                  isrt.obl(MIF.obs)
425  MIFUnInitialize                                    isrt.obl(MIF.obs)
426  MIFWasSetInformationCalled                         isrt.obl(MIF.obs)
427  MIOShutdown                                        isrt.obl(MIO.obs)
428  MIOStartup                                         isrt.obl(MIO.obs)
429  MaintenanceStart                                   isrt.obl(Registry.obs)
430  MediaGetData                                       isrt.obl(Feature.obs)
431  MediaGetDataEx                                     isrt.obl(Feature.obs)
432  MessageBeep                                        isrt.obl(Misc.obs)
433  MessageBox                                         isrt.obl(MsgBox.obs)
434  MessageBoxEx                                       isrt.obl(MsgBox.obs)
435  ODBC_Installing                                    Setup.obs
436  OLEDB_Installed                                    Setup.obs
437  OLEDB_UnInstalling                                 Setup.obs
438  OnAbort                                            ifx.obl(EventsSetup.obs)
439  OnAppSearch                                        ifx.obl(EventsSetup.obs)
440  OnBegin                                            ifx.obl(EventsSetup.obs)
441  OnCCPSearch                                        ifx.obl(EventsSetup.obs)
442  OnCanceling                                        ifx.obl(EventsSetup.obs)
443  OnCheckMediaPassword                               ifx.obl(EventsSetup.obs)
444  OnComponentError                                   ifx.obl(EventsSetup.obs)
445  OnCustomizeUninstInfo                              ifx.obl(EventsSetup.obs)
446  OnDIFxLogCallback                                  ifx.obl(EventsSetup.obs)
447  OnDIFxLogCallbackImpl                              isrt.obl(ISDIFx.obs)
448  OnEnd                                              ifx.obl(EventsSetup.obs)
449  OnFileError                                        ifx.obl(EventsSetup.obs)
450  OnFileLocked                                       Setup.obs
451  OnFileReadOnly                                     ifx.obl(EventsSetup.obs)
452  OnFilterComponents                                 ifx.obl(EventsSetup.obs)
453  OnFirstUIAfter                                     Setup.obs
454  OnFirstUIBefore                                    Setup.obs
455  OnFirstUIBeforeValueAddedServices                  ifx.obl(EventsSetup.obs)
456  OnHelp                                             ifx.obl(EventsSetup.obs)
457  OnIISAppPoolUninstalling                           ifx.obl(EventsPriv.obs)
458  OnIISCheckRequirements                             ifx.obl(EventsPriv.obs)
459  OnIISComponentInstalled                            ifx.obl(EventsPriv.obs)
460  OnIISInitialize                                    ifx.obl(EventsPriv.obs)
461  OnIISUninitialize                                  ifx.obl(EventsPriv.obs)
462  OnIISVRootUninstalling                             ifx.obl(EventsPriv.obs)
463  OnIISWebServiceExtensionUninstalling               ifx.obl(EventsPriv.obs)
464  OnIISWebSiteUninstalling                           ifx.obl(EventsPriv.obs)
465  OnInstallDRMService                                isrt.obl(Activation.obs)
466  OnInstalledFile                                    ifx.obl(EventsSetup.obs)
467  OnInstalledFontFile                                ifx.obl(EventsSetup.obs)
468  OnInstallingFile                                   ifx.obl(EventsSetup.obs)
469  OnInternetError                                    ifx.obl(EventsSetup.obs)
470  OnLaunchAppAndWaitCallback                         ifx.obl(EventsSetup.obs)
471  OnMD5Error                                         ifx.obl(EventsSetup.obs)
472  OnMaintUIAfter                                     Setup.obs
473  OnMaintUIBefore                                    Setup.obs
474  OnMoveData                                         ifx.obl(EventsSetup.obs)
475  OnMoved                                            ifx.obl(EventsSetup.obs)
476  OnMoving                                           Setup.obs
477  OnNetApiCreateUserAccount                          ifx.obl(EventsSetup.obs)
478  OnNetApiCreateUserAccountInternal                  isrt.obl(NetApiRT.obs)
479  OnNextDisk                                         ifx.obl(EventsSetup.obs)
480  OnRebooted                                         ifx.obl(EventsSetup.obs)
481  OnRemovingSharedFile                               ifx.obl(EventsSetup.obs)
482  OnSQLBatchScripts                                  ifx.obl(EventsPriv.obs)
483  OnSQLComponentInstalled                            ifx.obl(EventsPriv.obs)
484  OnSQLComponentUninstalled                          ifx.obl(EventsPriv.obs)
485  OnSQLServerInitialize                              ifx.obl(EventsPriv.obs)
486  OnSQLServerInitializeMaint                         ifx.obl(EventsPriv.obs)
487  OnSelfRegistrationError                            ifx.obl(EventsSetup.obs)
488  OnSetTARGETDIR                                     ifx.obl(EventsSetup.obs)
489  OnSetUpdateMode                                    Setup.obs
490  OnShowUI                                           ifx.obl(EventsSetup.obs)
491  OnUnInstallDRMService                              isrt.obl(Activation.obs)
492  OnUnhandledException                               ifx.obl(EventsPriv.obs)
493  OnUninstall                                        ifx.obl(EventsSetup.obs)
494  OnUninstalledFile                                  ifx.obl(EventsSetup.obs)
495  OnUninstallingDIFxDriverFile                       ifx.obl(EventsSetup.obs)
496  OnUninstallingFile                                 ifx.obl(EventsSetup.obs)
497  OnUninstallingFontFile                             ifx.obl(EventsSetup.obs)
498  OnUpdateUIAfter                                    ifx.obl(EventsSetup.obs)
499  OnUpdateUIBefore                                   ifx.obl(EventsSetup.obs)
500  OnXMLComponentInstalled                            ifx.obl(EventsPriv.obs)
501  OnXMLComponentUninstalling                         ifx.obl(EventsPriv.obs)
502  OnXMLInitialize                                    ifx.obl(EventsPriv.obs)
503  OnXMLUninitialize                                  ifx.obl(EventsPriv.obs)
504  OpenFileMode                                       isrt.obl(Files.obs)
505  ParsePath                                          isrt.obl(Str.obs)
506  Postprogram                                        ifx.obl(EventsSetupPriv.obs)
507  Preprogram                                         ifx.obl(EventsSetupPriv.obs)
508  ProgGetGroupType                                   isrt.obl(Shell.obs)
509  PthFixPath                                         isrt.obl(Pth.obs)
510  PthIsAbsPath                                       isrt.obl(Pth.obs)
511  ReadProperties                                     ifx.obl(PersistPropertyBag.obs)
512  Rebooted                                           isrt.obl(Driver.obs)
513  RegDBDeleteItem                                    isrt.obl(Registry.obs)
514  RegDBDeleteValue                                   isrt.obl(Registry.obs)
515  RegDBDeleteValueEx                                 isrt.obl(Registry.obs)
516  RegDBDeleteValueEx32                               isrt.obl(Registry.obs)
517  RegDBGetDefaultRoot                                isrt.obl(SysVars.obs)
518  RegDBGetItem                                       isrt.obl(Registry.obs)
519  RegDBGetKeyValueEx                                 isrt.obl(Registry.obs)
520  RegDBQueryKey                                      isrt.obl(Registry.obs)
521  RegDBQueryKeyCount                                 isrt.obl(Registry.obs)
522  RegDBQueryStringMultiStringCount                   isrt.obl(Registry.obs)
523  RegDBQueryValue                                    isrt.obl(Registry.obs)
524  RegDBQueryValue32                                  isrt.obl(Registry.obs)
525  RegDBSetDefaultRoot                                isrt.obl(SysVars.obs)
526  RegDBSetItem                                       isrt.obl(Registry.obs)
527  RegDBSetKeyValueEx                                 isrt.obl(Registry.obs)
528  RegDBSetValue                                      isrt.obl(Registry.obs)
529  RegDBSetValue32                                    isrt.obl(Registry.obs)
530  RegDBSetVersion                                    isrt.obl(Registry.obs)
531  RegisterFontResource                               isrt.obl(Misc.obs)
532  ReleaseDialog                                      isrt.obl(CustomDialog.obs)
533  SdCloseDlg                                         isrt.obl(SDINT.obs)
534  SdDlgToTop                                         isrt.obl(SDINT.obs)
535  SdDoStdButton                                      isrt.obl(SDINT.obs)
536  SdEnablement                                       isrt.obl(SDINT.obs)
537  SdError                                            isrt.obl(SDINT.obs)
538  SdExceptionsInit                                   isrt.obl(SdExceptions.obs)
539  SdFinish                                           isrt.obl(SdFinishDlg.obs)
540  SdFinishReboot                                     isrt.obl(SdFinishRebootDlg.obs)
541  SdGeneralInit                                      isrt.obl(SDINT.obs)
542  SdInit                                             isrt.obl(SDINT.obs)
543  SdInstallYahooToolbar                              isrt.obl(ISYahooToolbar.obs)
544  SdIsStdButton                                      isrt.obl(SDINT.obs)
545  SdLoadString                                       isrt.obl(SDINT.obs)
546  SdMakeName                                         isrt.obl(SDINT.obs)
547  SdPlugInProductName                                isrt.obl(SDINT.obs)
548  SdSetDlgTitle                                      isrt.obl(SDINT.obs)
549  SdSetStatic                                        isrt.obl(SDINT.obs)
550  SdSetupTypeEx                                      isrt.obl(SdSetupTypeExDlg.obs)
551  SdShowMsg                                          isrt.obl(SDSMSG.obs)
552  SdStartCopy                                        isrt.obl(SdStartCopyDlg.obs)
553  SdSubstituteProductInfo                            isrt.obl(SDINT.obs)
554  SdUnInit                                           isrt.obl(SDINT.obs)
555  SdWelcome                                          isrt.obl(SdWelcomeDlg.obs)
556  SelectDir                                          isrt.obl(SelectDir.obs)
557  SelectDirNoLog                                     isrt.obl(SelectDir.obs)
558  SendMessage                                        isrt.obl(Misc.obs)
559  ServiceInitParams                                  isrt.obl(Service.obs)
560  SetCmdLine                                         isrt.obl(SysVars.obs)
561  SetDialogTitle                                     isrt.obl(Dialogs.obs)
562  SetDisplayEffect                                   isrt.obl(ui.obs)
563  SetExtendedErrInfo                                 isrt.obl(IsUtil.obs)
564  SetStatus                                          ifx.obl(EventsSetupPriv.obs)
565  SetStatusEx                                        ifx.obl(EventsSetupPriv.obs)
566  SetStatusExStaticText                              isrt.obl(ui.obs)
567  SetStatusWindow                                    isrt.obl(ui.obs)
568  SetTitle                                           isrt.obl(ui.obs)
569  SetupTraceWrite                                    isrt.obl(Misc.obs)
570  Shell32.SHGetSpecialFolderPathA                    Setup.obs
571  Shell32.ShellExecuteEx                             ifx.obl(EventsPriv.obs)
572  ShowObjWizardPages                                 isrt.obl(Objects.obs)
573  ShowWizardPages                                    isrt.obl(Driver.obs)
574  SilentCreateFile                                   isrt.obl(Silent.obs)
575  SilentDoGeneralInfo                                isrt.obl(Silent.obs)
576  SilentFailed                                       isrt.obl(Silent.obs)
577  SilentFinish                                       isrt.obl(Silent.obs)
578  SilentInit                                         isrt.obl(Silent.obs)
579  SilentLogWriteData                                 isrt.obl(Silent.obs)
580  SilentReadData                                     isrt.obl(Silent.obs)
581  SilentSetInfo                                      isrt.obl(Silent.obs)
582  SilentSetMode                                      isrt.obl(Silent.obs)
583  SilentWriteData                                    isrt.obl(Silent.obs)
584  Sprintf                                            isrt.obl(Str.obs)
585  SprintfBox                                         isrt.obl(MsgBox.obs)
586  StatusUpdate                                       isrt.obl(ui.obs)
587  StrAddLastSlash                                    isrt.obl(Str.obs)
588  StrFindEx                                          isrt.obl(Str.obs)
589  StrGetTokens                                       isrt.obl(Str.obs)
590  StrLength                                          isrt.obl(Str.obs)
591  StrRemoveLastSlash                                 isrt.obl(Str.obs)
592  StrRemoveSpaces                                    isrt.obl(Str.obs)
593  StrReplace                                         isrt.obl(Str.obs)
594  StrToNumHex                                        isrt.obl(Str.obs)
595  StrToUpper                                         isrt.obl(Str.obs)
596  SysVarsInit                                        isrt.obl(SysVars.obs)
597  SysVarsTrace                                       isrt.obl(SysVars.obs)
598  SysVarsUnInit                                      isrt.obl(SysVars.obs)
599  System                                             isrt.obl(Misc.obs)
600  SystemRestoreCancelRestorePointIS                  isrt.obl(PCRestore.obs)
601  SystemRestoreCloseRestorePointIS                   isrt.obl(PCRestore.obs)
602  SystemRestoreDisableIS                             isrt.obl(PCRestore.obs)
603  SystemRestoreIsEnabledIS                           isrt.obl(PCRestore.obs)
604  SystemRestoreOpenRestorePointIS                    isrt.obl(PCRestore.obs)
605  TextSubGetValue                                    isrt.obl(TextSub.obs)
606  TextSubParseTextSub                                isrt.obl(TextSub.obs)
607  TextSubSetValue                                    isrt.obl(TextSub.obs)
608  TextSubSubstitute                                  isrt.obl(TextSub.obs)
609  USER.EnableWindow                                  Setup.obs
610  USER.GetClassName                                  Setup.obs
611  USER.GetDC                                         Setup.obs
612  USER.GetDlgItem                                    Setup.obs
613  USER.GetFocus                                      Setup.obs
614  USER.GetWindowLong                                 Setup.obs
615  USER.GetWindowRect                                 Setup.obs
616  USER.IsIconic                                      Setup.obs
617  USER.IsWindow                                      Setup.obs
618  USER.IsWindowVisible                               ifx.obl(EventsPriv.obs)
619  USER.PostMessage                                   Setup.obs
620  USER.ReleaseDC                                     Setup.obs
621  USER.SendMessageA                                  ifx.obl(EventsPriv.obs)
622  USER.SendMessageTimeout                            Setup.obs
623  USER.SetFocus                                      Setup.obs
624  USER.SetForegroundWindow                           ifx.obl(EventsPriv.obs)
625  USER.SetWindowPos                                  Setup.obs
626  USER.SetWindowText                                 Setup.obs
627  USER.ShowWindow                                    Setup.obs
628  USER32.CharUpperBuffA                              ifx.obl(EventsPriv.obs)
629  USER32.DispatchMessage                             ifx.obl(EventsPriv.obs)
630  USER32.GetDesktopWindow                            ifx.obl(EventsPriv.obs)
631  USER32.GetSystemMetrics                            ifx.obl(EventsPriv.obs)
632  USER32.GetWindowText                               ifx.obl(EventsPriv.obs)
633  USER32.GetWindowTextLength                         ifx.obl(EventsPriv.obs)
634  USER32.InvalidateRect                              ifx.obl(EventsPriv.obs)
635  USER32.MessageBoxA                                 ifx.obl(EventsPriv.obs)
636  USER32.MsgWaitForMultipleObjects                   ifx.obl(EventsPriv.obs)
637  USER32.PeekMessageA                                ifx.obl(EventsPriv.obs)
638  USER32.SendMessageA                                ifx.obl(EventsPriv.obs)
639  USER32.SetWindowLong                               ifx.obl(EventsPriv.obs)
640  USER32.SetWindowRgn                                ifx.obl(EventsPriv.obs)
641  USER32.TranslateMessage                            ifx.obl(EventsPriv.obs)
642  USER32.WaitForInputIdle                            ifx.obl(EventsPriv.obs)
643  UpdateServiceEnableUpdateService                   isrt.obl(ISUpdateService.obs)
644  VarInit                                            isrt.obl(SysVars.obs)
645  VarRestore                                         isrt.obl(SysVars.obs)
646  VarRestoreISRT                                     isrt.obl(SysVars.obs)
647  VarSave                                            isrt.obl(SysVars.obs)
648  VarSaveISRT                                        isrt.obl(SysVars.obs)
649  VerCompare                                         isrt.obl(version.obs)
650  VerProductCompareVersions                          isrt.obl(version.obs)
651  VerProductGetInstalledVersion                      isrt.obl(version.obs)
652  VerProductIsVersionSupported                       isrt.obl(version.obs)
653  VerProductNumToStr                                 isrt.obl(version.obs)
654  VerProductStrToNum                                 isrt.obl(version.obs)
655  VerProductVerFromVerParts                          isrt.obl(version.obs)
656  VerProductVerPartsFromVer                          isrt.obl(version.obs)
657  WaitForApplication                                 isrt.obl(Extend.obs)
658  WaitOnDialog                                       isrt.obl(CustomDialog.obs)
659  WizardDirection                                    ifx.obl(EventsSetupPriv.obs)
660  WriteLine                                          isrt.obl(Files.obs)
661  WriteProfInt                                       isrt.obl(Profile.obs)
662  WriteProfString                                    isrt.obl(Profile.obs)
663  WriteProperties                                    ifx.obl(PersistPropertyBag.obs)
664  YahooGetInstallState                               isrt.obl(ISYahooToolbar.obs)
665  __ISRTDoExit                                       isrt.obl(Misc.obs)
666  __ISRTInit                                         isrt.obl(ISRTInit.obs)
667  __ISRTRestoreMainLog                               isrt.obl(ISRTInit.obs)
668  __ISRTRestoreMainLogEx                             isrt.obl(ISRTInit.obs)
669  __ISRTSetComponentLog                              isrt.obl(ISRTInit.obs)
670  __ISRTUnInit                                       isrt.obl(ISRTInit.obs)
671  __LoadIScriptString                                isrt.obl(LoadStr.obs)
672  cubridmanager_Installing                           Setup.obs
673  kernel32.CloseHandle                               Setup.obs
674  kernel32.CreateProcessA                            Setup.obs
675  kernel32.GetExitCodeProcess                        Setup.obs
676  kernel32.WaitForSingleObject                       Setup.obs
677  program                                            ifx.obl(EventsSetupPriv.obs)
678  sfc.SRSetRestorePoint                              ifx.obl(EventsPriv.obs)


***** External Variables *****
1    ADDREMOVE                                          isrt.obl(DebugSymbols.obs)
2    ADDREMOVE_COMBINEDBUTTON                           Setup.obs
3    ADDREMOVE_HIDECHANGEOPTION                         Setup.obs
4    ADDREMOVE_HIDEREMOVEOPTION                         Setup.obs
5    ADDREMOVE_HIDEREPAIROPTION                         Setup.obs
6    ADDREMOVE_STRING_REMOVEONLY                        Setup.obs
7    ADDREMOVE_SYSTEMCOMPONENT                          Setup.obs
8    ADMINUSER                                          Setup.obs
9    ALLUSERS                                           Setup.obs
10   BASICMSI                                           isrt.obl(DebugSymbols.obs)
11   BATCH_INSTALL                                      Setup.obs
12   CMDLINE                                            isrt.obl(DebugSymbols.obs)
13   COMMONFILES                                        isrt.obl(DebugSymbols.obs)
14   COMMONFILES64                                      isrt.obl(DebugSymbols.obs)
15   DISABLE_ALLUSERBTN                                 Setup.obs
16   DISABLE_PERUSERBTN                                 Setup.obs
17   DISK1SETUPEXENAME                                  isrt.obl(DebugSymbols.obs)
18   DISK1TARGET                                        Setup.obs
19   ENABLED_ISERVICES                                  isrt.obl(DebugSymbols.obs)
20   ENGINECOMMONDIR                                    isrt.obl(DebugSymbols.obs)
21   ENGINEDIR                                          isrt.obl(DebugSymbols.obs)
22   ERRORFILENAME                                      Setup.obs
23   Err                                                Setup.obs
24   FILETIME                                           ifx.obl(EventsPriv.obs)
25   FIND_DATA                                          ifx.obl(EventsPriv.obs)
26   FOLDER_APPDATA                                     isrt.obl(DebugSymbols.obs)
27   FOLDER_COMMON_APPDATA                              isrt.obl(DebugSymbols.obs)
28   FOLDER_DESKTOP                                     isrt.obl(DebugSymbols.obs)
29   FOLDER_DOTNET_10                                   isrt.obl(DebugSymbols.obs)
30   FOLDER_DOTNET_11                                   isrt.obl(DebugSymbols.obs)
31   FOLDER_DOTNET_20                                   isrt.obl(DebugSymbols.obs)
32   FOLDER_DOTNET_30                                   isrt.obl(DebugSymbols.obs)
33   FOLDER_DOTNET_35                                   isrt.obl(DebugSymbols.obs)
34   FOLDER_FONTS                                       isrt.obl(DebugSymbols.obs)
35   FOLDER_LOCAL_APPDATA                               isrt.obl(DebugSymbols.obs)
36   FOLDER_PERSONAL                                    isrt.obl(DebugSymbols.obs)
37   FOLDER_PROGRAMS                                    isrt.obl(DebugSymbols.obs)
38   FOLDER_STARTMENU                                   isrt.obl(DebugSymbols.obs)
39   FOLDER_STARTUP                                     isrt.obl(DebugSymbols.obs)
40   FOLDER_TEMP                                        isrt.obl(DebugSymbols.obs)
41   FileRegistrar                                      Setup.obs
42   HIDE_DISABLED_BTNS                                 Setup.obs
43   HKEYCURRENTROOTKEY                                 Setup.obs
44   IFX_COMPANY_NAME                                   Setup.obs
45   IFX_DISK1INSTALLED                                 Setup.obs
46   IFX_INITIALIZED                                    Setup.obs
47   IFX_INSTALLED_DISPLAY_VERSION                      Setup.obs
48   IFX_INSTALLED_VERSION                              Setup.obs
49   IFX_KEYPATH_PRODUCT_INFO                           Setup.obs
50   IFX_MULTI_INSTANCE_SUFFIX                          Setup.obs
51   IFX_OPEN_RESTORE_POINT                             isrt.obl(PCRestore.obs)
52   IFX_PRODUCT_COMMENTS                               Setup.obs
53   IFX_PRODUCT_DISPLAY_NAME                           Setup.obs
54   IFX_PRODUCT_DISPLAY_VERSION                        Setup.obs
55   IFX_PRODUCT_ICON                                   Setup.obs
56   IFX_PRODUCT_KEY                                    Setup.obs
57   IFX_PRODUCT_NAME                                   Setup.obs
58   IFX_PRODUCT_README                                 Setup.obs
59   IFX_PRODUCT_REGISTEREDCOMPANY                      Setup.obs
60   IFX_PRODUCT_REGISTEREDOWNER                        Setup.obs
61   IFX_PRODUCT_REGISTEREDSERIALNUM                    Setup.obs
62   IFX_PRODUCT_SUPPORT_CONTACT                        Setup.obs
63   IFX_PRODUCT_SUPPORT_PHONE                          Setup.obs
64   IFX_PRODUCT_SUPPORT_URL                            Setup.obs
65   IFX_PRODUCT_UPDATE_URL                             Setup.obs
66   IFX_PRODUCT_URL                                    Setup.obs
67   IFX_PRODUCT_VERSION                                Setup.obs
68   IFX_RESTORE_DISABLED                               isrt.obl(PCRestore.obs)
69   IFX_SETUP_TITLE                                    Setup.obs
70   IFX_SUPPORTED_VERSIONS                             Setup.obs
71   IISROOTFOLDER                                      isrt.obl(DebugSymbols.obs)
72   INSTALLSCRIPTMSI                                   isrt.obl(DebugSymbols.obs)
73   INSTALLSCRIPTMSIEEUI                               isrt.obl(DebugSymbols.obs)
74   INSTANCE_GUID                                      isrt.obl(DebugSymbols.obs)
75   ISDIFXAPPID                                        Setup.obs
76   ISRES                                              isrt.obl(DebugSymbols.obs)
77   ISUSER                                             isrt.obl(DebugSymbols.obs)
78   ISUTIL_FUNCTION_ACTUAL_ERROR                       Setup.obs
79   ISUTIL_LINE_NUMBER                                 Setup.obs
80   ISUTIL_SCRIPT_FILE                                 Setup.obs
81   ISVERSION                                          isrt.obl(DebugSymbols.obs)
82   IS_INSTALL_YAHOO_TOOLBAR                           Setup.obs
83   IS_SET_YAHOO_AS_DEFAULT_SEARCH                     Setup.obs
84   IS_VENDOR_CODE                                     Setup.obs
85   InetSRCDIR                                         Setup.obs
86   LAAW_PARAMETERS                                    Setup.obs
87   LAAW_PROCESS_INFORMATION                           Setup.obs
88   LAAW_SHELLEXECUTEINFO                              Setup.obs
89   LAAW_SHELLEXECUTEVERB                              Setup.obs
90   LAAW_STARTUPINFO                                   Setup.obs
91   LAST_RESULT                                        Setup.obs
92   LogDB                                              Setup.obs
93   MAINTENANCE                                        isrt.obl(DebugSymbols.obs)
94   MAINT_OPTION                                       isrt.obl(DebugSymbols.obs)
95   MEDIA                                              Setup.obs
96   MEDIA_INFO                                         isrt.obl(Feature.obs)
97   MODE                                               Setup.obs
98   MSG                                                ifx.obl(EventsPriv.obs)
99   MULTI_INSTANCE_COUNT                               isrt.obl(DebugSymbols.obs)
100  MainWindow                                         Setup.obs
101  NOTHING                                            Setup.obs
102  OSINFO_PLATFORM_INFO                               Setup.obs
103  OSINFO_PROCESSOR_INFO                              Setup.obs
104  OSVERSIONINFO                                      ifx.obl(EventsPriv.obs)
105  OSVERSIONINFOEX                                    ifx.obl(EventsPriv.obs)
106  Objects                                            Setup.obs
107  PACKAGE_LOCATION                                   isrt.obl(DebugSymbols.obs)
108  POINT                                              ifx.obl(EventsPriv.obs)
109  PRIVILEGED                                         Setup.obs
110  PROCESS_INFORMATION                                Setup.obs
111  PRODUCT_GUID                                       isrt.obl(DebugSymbols.obs)
112  PROGRAMFILES                                       isrt.obl(DebugSymbols.obs)
113  PROGRAMFILES64                                     isrt.obl(DebugSymbols.obs)
114  RECT                                               ifx.obl(EventsPriv.obs)
115  REGDB_OPTIONS                                      Setup.obs
116  REINSTALLMODE                                      isrt.obl(DebugSymbols.obs)
117  REMOVEALLMODE                                      isrt.obl(DebugSymbols.obs)
118  REMOVEONLY                                         isrt.obl(DebugSymbols.obs)
119  RUN_ONCE_PROGRAM                                   isrt.obl(DebugSymbols.obs)
120  Reboot                                             Setup.obs
121  SELECTED_LANGUAGE                                  isrt.obl(DebugSymbols.obs)
122  SERVICE_IS_PARAMS                                  Setup.obs
123  SETUPTYPE_STR_COMPACT                              Setup.obs
124  SETUPTYPE_STR_COMPLETE                             Setup.obs
125  SETUPTYPE_STR_CUSTOM                               Setup.obs
126  SETUPTYPE_STR_TYPICAL                              Setup.obs
127  SHAREDSUPPORTDIR                                   isrt.obl(DebugSymbols.obs)
128  SHELLEXECUTEINFO                                   Setup.obs
129  SHELL_OBJECT_FOLDER                                Setup.obs
130  SHOW_PASSWORD_DIALOG                               isrt.obl(DebugSymbols.obs)
131  SRCDIR                                             Setup.obs
132  SRCDISK                                            isrt.obl(DebugSymbols.obs)
133  STARTUPINFO                                        Setup.obs
134  SUPPORTDIR                                         isrt.obl(DebugSymbols.obs)
135  SYSTEMTIME                                         ifx.obl(EventsPriv.obs)
136  SetupInfo                                          Setup.obs
137  StatusDlg                                          Setup.obs
138  TARGETDIR                                          Setup.obs
139  TARGETDISK                                         isrt.obl(DebugSymbols.obs)
140  TextSub                                            Setup.obs
141  UNINST                                             Setup.obs
142  UNINSTALLKEY                                       Setup.obs
143  UNINSTALL_DISPLAYNAME                              Setup.obs
144  UNINSTALL_STRING                                   Setup.obs
145  UPDATEMODE                                         Setup.obs
146  WINDIR                                             isrt.obl(DebugSymbols.obs)
147  WINDISK                                            isrt.obl(DebugSymbols.obs)
148  WINSYSDIR                                          isrt.obl(DebugSymbols.obs)
149  WINSYSDIR64                                        isrt.obl(DebugSymbols.obs)
150  WINSYSDISK                                         isrt.obl(DebugSymbols.obs)
151  _FONTFILEINFO                                      Setup.obs
152  _INT64                                             ifx.obl(EventsPriv.obs)
153  _ISDIFXINSTALLERINFO                               isrt.obl(ISDIFx.obs)
154  _LAAW_PARAMETERS                                   Setup.obs
155  _LAAW_TEMP_DATA                                    isrt.obl(Extend.obs)
156  _RESTOREPOINTINFO                                  ifx.obl(EventsPriv.obs)
157  _SERVICE_IS_PARAMS                                 Setup.obs
158  _STATEMGRSTATUS                                    ifx.obl(EventsPriv.obs)
159  _WIN9X                                             Setup.obs
160  _WINNT                                             Setup.obs
161  __SYSTEMINFORMATION                                Setup.obs
162  __SYSTEMPROCESSORINFORMATION                       Setup.obs
163  __hContext                                         isrt.obl(Activation.obs)
164  __objGlobalTextSub                                 Setup.obs
165  __szGUID                                           isrt.obl(ISRTInit.obs)
166  bBackButton                                        Setup.obs
167  bCancelButton                                      Setup.obs
168  bEnterDiskBeep                                     isrt.obl(AskDestPathDlg.obs)
169  bFinishButton                                      Setup.obs
170  bIFXLFNoToAll                                      Setup.obs
171  bIFXLFOnRebootToAll                                Setup.obs
172  bIFXLFYesToAll                                     Setup.obs
173  bIFXMD5IgnoreToAll                                 Setup.obs
174  bIFXRONoToAll                                      Setup.obs
175  bIFXROYesToAll                                     Setup.obs
176  bIFXSFNoToAll                                      Setup.obs
177  bIFXSFYesToAll                                     Setup.obs
178  bInstall16                                         Setup.obs
179  bNextButton                                        Setup.obs
180  bSdInit                                            Setup.obs
181  bViewCmptKunits                                    Setup.obs
182  bViewCmptUseDecimal                                Setup.obs
183  g_bSuppressMissingStringWarning                    isrt.obl(Enable.obs)
184  szAppKey                                           Setup.obs
185  szSdProduct                                        Setup.obs
186  szSdStr_NotEnoughSpace                             Setup.obs
