***** External Functions *****
1    AddFolderIcon                                      isrt.obl(Shell.obs)
2    AddFontRegistrationToLog                           isrt.obl(Misc.obs)
3    AppSearch                                          isrt.obl(Driver.obs)
4    AskPath                                            isrt.obl(ISRTScriptDialogs.obs)
5    AskYesNo                                           isrt.obl(ISRTScriptDialogsPriv.obs)
6    CCPSearch                                          isrt.obl(Driver.obs)
7    CUBRID_Installed                                   Setup.obs
8    CUBRID_Installing                                  Setup.obs
9    CUBRID_UnInstalling                                Setup.obs
10   ChangeDirectory                                    isrt.obl(Files.obs)
11   CloseFile                                          isrt.obl(Files.obs)
12   CmdGetHwndDlg                                      isrt.obl(CustomDialog.obs)
13   ComponentAddFileToLog                              isrt.obl(component.obs)
14   ComponentIsItemSelected                            isrt.obl(component.obs)
15   ComponentListItems                                 isrt.obl(component.obs)
16   ComponentSelectItem                                isrt.obl(component.obs)
17   ComponentSetupTypeEnum                             isrt.obl(component.obs)
18   ComponentSetupTypeGetData                          isrt.obl(component.obs)
19   ComponentSetupTypeSet                              isrt.obl(component.obs)
20   ComponentTreeInit                                  isrt.obl(Dialogs.obs)
21   CopyFile                                           isrt.obl(Files.obs)
22   CreateDir                                          isrt.obl(Files.obs)
23   CreateFile                                         isrt.obl(Files.obs)
24   CreateInstallationInfo                             isrt.obl(Registry.obs)
25   CreateProgramFolder                                isrt.obl(Shell.obs)
26   CreateRegistrySet                                  isrt.obl(Feature.obs)
27   CreateShellObjects                                 isrt.obl(Feature.obs)
28   CtrlGetCurSel                                      isrt.obl(CustomDialog.obs)
29   CtrlGetDlgItem                                     isrt.obl(CustomDialog.obs)
30   CtrlGetState                                       isrt.obl(CustomDialog.obs)
31   CtrlGetSubCommand                                  isrt.obl(CustomDialog.obs)
32   CtrlGetText                                        isrt.obl(CustomDialog.obs)
33   CtrlSelectText                                     isrt.obl(CustomDialog.obs)
34   CtrlSetCurSel                                      isrt.obl(CustomDialog.obs)
35   CtrlSetList                                        isrt.obl(CustomDialog.obs)
36   CtrlSetMLEText                                     isrt.obl(CustomDialog.obs)
37   CtrlSetState                                       isrt.obl(CustomDialog.obs)
38   CtrlSetText                                        isrt.obl(CustomDialog.obs)
39   DIFxDriverPackageUninstall                         isrt.obl(ISDIFx.obs)
40   DRMINSTALLERPRO.DRMInstallPRO                      isrt.obl(Activation.obs)
41   DRMINSTALLERPRO.DRMUnInstallPRO                    isrt.obl(Activation.obs)
42   DefineDialog                                       isrt.obl(CustomDialog.obs)
43   Delay                                              isrt.obl(Misc.obs)
44   DeleteFile                                         isrt.obl(Files.obs)
45   DeleteProgramFolder                                isrt.obl(Shell.obs)
46   DeleteSingleFile                                   isrt.obl(Files.obs)
47   DialogSetDefaultFont                               isrt.obl(Dialogs.obs)
48   DialogSetFont                                      isrt.obl(Dialogs.obs)
49   DialogSetInfo                                      isrt.obl(Dialogs.obs)
50   Disable                                            isrt.obl(Enable.obs)
51   DllSizeOf                                          isrt.obl(Str.obs)
52   Do                                                 isrt.obl(Misc.obs)
53   Enable                                             isrt.obl(Enable.obs)
54   EndCurrentDialog                                   isrt.obl(Dialogs.obs)
55   EndDialog                                          isrt.obl(CustomDialog.obs)
56   EnterDisk                                          isrt.obl(ISRTScriptDialogs.obs)
57   EnterDiskError                                     isrt.obl(ISRTScriptDialogs.obs)
58   EnterPassword                                      isrt.obl(ISRTScriptDialogs.obs)
59   ExistsDir                                          isrt.obl(Files.obs)
60   ExistsDisk                                         isrt.obl(Files.obs)
61   ExitInstall                                        isrt.obl(Driver.obs)
62   EzDefineDialog                                     isrt.obl(CustomDialog.obs)
63   FeatureAddFileToLog                                isrt.obl(Feature.obs)
64   FeatureCompareSizeRequired                         isrt.obl(Feature.obs)
65   FeatureErrorInfo                                   isrt.obl(Feature.obs)
66   FeatureFilterLanguage                              isrt.obl(Feature.obs)
67   FeatureFilterOS                                    isrt.obl(Feature.obs)
68   FeatureIsItemSelected                              isrt.obl(Feature.obs)
69   FeatureListItems                                   isrt.obl(Feature.obs)
70   FeaturePatch                                       isrt.obl(Feature.obs)
71   FeatureReinstall                                   isrt.obl(Feature.obs)
72   FeatureRemoveAll                                   isrt.obl(Feature.obs)
73   FeatureRemoveAllInLogOnly                          isrt.obl(Feature.obs)
74   FeatureRemoveAllInMedia                            isrt.obl(Feature.obs)
75   FeatureRemoveAllInMediaAndLog                      isrt.obl(Feature.obs)
76   FeatureSaveTarget                                  isrt.obl(Feature.obs)
77   FeatureSelectItem                                  isrt.obl(Feature.obs)
78   FeatureSelectNew                                   isrt.obl(Feature.obs)
79   FeatureSetupTypeEnum                               isrt.obl(Feature.obs)
80   FeatureSetupTypeGetData                            isrt.obl(Feature.obs)
81   FeatureSetupTypeSet                                isrt.obl(Feature.obs)
82   FeatureTransferData                                isrt.obl(Feature.obs)
83   FeatureValidate                                    isrt.obl(Feature.obs)
84   FinalConstruct                                     ifx.obl(EventsPriv.obs)
85   FinalRelease                                       ifx.obl(EventsPriv.obs)
86   FindFile                                           isrt.obl(Files.obs)
87   FormatMessage                                      isrt.obl(Misc.obs)
88   GDI32.AddFontResource                              Setup.obs
89   GDI32.CreateRectRgn                                Setup.obs
90   GDI32.GetDeviceCaps                                Setup.obs
91   GDI32.RemoveFontResource                           Setup.obs
92   GetBillboard                                       isrt.obl(SysVars.obs)
93   GetCmdLine                                         isrt.obl(SysVars.obs)
94   GetCurrentDialogName                               isrt.obl(Dialogs.obs)
95   GetCurrentDir                                      isrt.obl(Files.obs)
96   GetDialogTitle                                     isrt.obl(Dialogs.obs)
97   GetDir                                             isrt.obl(Str.obs)
98   GetDisk                                            isrt.obl(Str.obs)
99   GetDiskSpace                                       isrt.obl(GSI.obs)
100  GetDiskSpaceEx                                     isrt.obl(GSI.obs)
101  GetEnabledIServices                                isrt.obl(SysVars.obs)
102  GetErrorMsg                                        isrt.obl(Dialogs.obs)
103  GetErrorTitle                                      isrt.obl(Dialogs.obs)
104  GetExtents                                         isrt.obl(GSI.obs)
105  GetFolderApplications                              isrt.obl(SysVars.obs)
106  GetFolderApplications64                            isrt.obl(SysVars.obs)
107  GetFolderDotNet10                                  isrt.obl(SysVars.obs)
108  GetFolderDotNet11                                  isrt.obl(SysVars.obs)
109  GetFolderDotNet20                                  isrt.obl(SysVars.obs)
110  GetFolderFonts                                     isrt.obl(SysVars.obs)
111  GetFolderPrograms                                  isrt.obl(SysVars.obs)
112  GetISRes                                           isrt.obl(SysVars.obs)
113  GetInstallScriptMSI                                isrt.obl(SysVars.obs)
114  GetInstanceGUID                                    isrt.obl(SysVars.obs)
115  GetKeyPathWinCurrVerAuto                           isrt.obl(SysVars.obs)
116  GetLog                                             isrt.obl(SysVars.obs)
117  GetLogEx                                           isrt.obl(SysVars.obs)
118  GetMaintOption                                     isrt.obl(SysVars.obs)
119  GetMaintenance                                     isrt.obl(SysVars.obs)
120  GetMultiInstanceCount                              isrt.obl(SysVars.obs)
121  GetOpenFileMode                                    isrt.obl(Files.obs)
122  GetPackageLocation                                 isrt.obl(SysVars.obs)
123  GetProductGUID                                     isrt.obl(SysVars.obs)
124  GetProfSectionKeyCount                             isrt.obl(Profile.obs)
125  GetProfString                                      isrt.obl(Profile.obs)
126  GetProfStringList                                  isrt.obl(Profile.obs)
127  GetProgramFiles                                    isrt.obl(SysVars.obs)
128  GetReinstallMode                                   isrt.obl(SysVars.obs)
129  GetRemoveAllMode                                   isrt.obl(SysVars.obs)
130  GetShowPasswordDialog                              isrt.obl(SysVars.obs)
131  GetStandardSelectedLanguage                        isrt.obl(SysVars.obs)
132  GetSupportDir                                      isrt.obl(SysVars.obs)
133  GetSystemInfo                                      isrt.obl(GSI.obs)
134  GetTempFolder                                      isrt.obl(SysVars.obs)
135  GetTrueTypeFontFileInfo                            isrt.obl(Misc.obs)
136  GetUserSelectableAuto                              isrt.obl(SysVars.obs)
137  GetWinDir                                          isrt.obl(SysVars.obs)
138  GetWinSysDir                                       isrt.obl(SysVars.obs)
139  GetWindowHandle                                    isrt.obl(Misc.obs)
140  HIWORD                                             isrt.obl(Misc.obs)
141  ISDeterminePlatform                                isrt.obl(OsInfo.obs)
142  ISMIF32.InstallStatusMIF                           isrt.obl(MIF.obs)
143  ISRT.AddIcon                                       isrt.obl(Shell.obs)
144  ISRT.ComponentViewSetInfoEx                        isrt.obl(Dialogs.obs)
145  ISRT.CreateFolder                                  isrt.obl(Shell.obs)
146  ISRT.DeleteFolder                                  isrt.obl(Shell.obs)
147  ISRT.EnableHourGlass                               isrt.obl(Enable.obs)
148  ISRT.GetCPUType                                    isrt.obl(GSI.obs)
149  ISRT.GetFontSub                                    isrt.obl(Dialogs.obs)
150  ISRT.GetHandle                                     Setup.obs
151  ISRT.GetPorts                                      isrt.obl(GSI.obs)
152  ISRT.IsEmpty                                       Setup.obs
153  ISRT.IsNTAdmin                                     isrt.obl(Is.obs)
154  ISRT.IsObject                                      Setup.obs
155  ISRT.IsPowerUser                                   isrt.obl(Is.obs)
156  ISRT.LangLoadString                                isrt.obl(SDINT.obs)
157  ISRT.MessageBeepP                                  Setup.obs
158  ISRT.PathCompactPathPixel                          isrt.obl(CustomDialog.obs)
159  ISRT.PathGetDir                                    isrt.obl(Str.obs)
160  ISRT.PathGetDrive                                  isrt.obl(Str.obs)
161  ISRT.PathGetFile                                   isrt.obl(Files.obs)
162  ISRT.PathGetFileExt                                isrt.obl(Str.obs)
163  ISRT.PathGetFileName                               isrt.obl(Str.obs)
164  ISRT.PathGetLongFromShort                          isrt.obl(Str.obs)
165  ISRT.PathGetPath                                   isrt.obl(Str.obs)
166  ISRT.PathIsValidSyntax                             isrt.obl(Is.obs)
167  ISRT.VerGetFileVersion                             Setup.obs
168  ISRT._AppSearch                                    Setup.obs
169  ISRT._BrowseForFolder                              isrt.obl(ISRTScriptDialogsPriv.obs)
170  ISRT._CCPSearch                                    Setup.obs
171  ISRT._CleanupInet                                  isrt.obl(MIO.obs)
172  ISRT._CloseFile                                    isrt.obl(Files.obs)
173  ISRT._CmdGetHwndDlg                                isrt.obl(CustomDialog.obs)
174  ISRT._CompareDWORD                                 isrt.obl(Extend.obs)
175  ISRT._ComponentCompareSizeRequired                 isrt.obl(Feature.obs)
176  ISRT._ComponentErrorInfo                           isrt.obl(Feature.obs)
177  ISRT._ComponentFilterLanguage                      isrt.obl(Feature.obs)
178  ISRT._ComponentFilterOS                            isrt.obl(Feature.obs)
179  ISRT._ComponentIsItemSelected                      isrt.obl(Feature.obs)
180  ISRT._ComponentListItems                           isrt.obl(Feature.obs)
181  ISRT._ComponentPatch                               isrt.obl(Feature.obs)
182  ISRT._ComponentReinstall                           isrt.obl(Feature.obs)
183  ISRT._ComponentRemoveAll                           isrt.obl(Feature.obs)
184  ISRT._ComponentRemoveAllInLogOnly                  isrt.obl(Feature.obs)
185  ISRT._ComponentSaveTarget                          isrt.obl(Feature.obs)
186  ISRT._ComponentSelectItem                          isrt.obl(Feature.obs)
187  ISRT._ComponentSelectNew                           isrt.obl(Feature.obs)
188  ISRT._ComponentSetupTypeEnum                       isrt.obl(Feature.obs)
189  ISRT._ComponentSetupTypeGetData                    isrt.obl(Feature.obs)
190  ISRT._ComponentSetupTypeSet                        isrt.obl(Feature.obs)
191  ISRT._ComponentTransferData                        isrt.obl(Feature.obs)
192  ISRT._ComponentValidate                            isrt.obl(Feature.obs)
193  ISRT._CreateDir                                    isrt.obl(Files.obs)
194  ISRT._CreateRegistrySet                            isrt.obl(Feature.obs)
195  ISRT._CreateShellObjects                           isrt.obl(Feature.obs)
196  ISRT._CtrlGetSubCommand                            isrt.obl(CustomDialog.obs)
197  ISRT._CtrlSetHtmlContent                           isrt.obl(CustomDialog.obs)
198  ISRT._CtrlSetMLERichText                           isrt.obl(CustomDialog.obs)
199  ISRT._DIFxDriverPackageUninstall                   isrt.obl(ISDIFx.obs)
200  ISRT._DefineDialog                                 isrt.obl(CustomDialog.obs)
201  ISRT._DialogSetFont                                isrt.obl(Dialogs.obs)
202  ISRT._DisableStatus                                isrt.obl(Enable.obs)
203  ISRT._DoSprintf                                    isrt.obl(ISRTScriptDialogsPriv.obs)
204  ISRT._EnableDialogCache                            isrt.obl(Enable.obs)
205  ISRT._EnablePrevDialog                             Setup.obs
206  ISRT._EnableSkins                                  isrt.obl(Enable.obs)
207  ISRT._EnableStatus                                 isrt.obl(Enable.obs)
208  ISRT._EnableWow64FsRedirection                     isrt.obl(Enable.obs)
209  ISRT._EndDialog                                    isrt.obl(CustomDialog.obs)
210  ISRT._ExistsDir                                    isrt.obl(Files.obs)
211  ISRT._ExistsDisk                                   isrt.obl(Files.obs)
212  ISRT._ExistsFile                                   isrt.obl(Files.obs)
213  ISRT._ExitInstall                                  Setup.obs
214  ISRT._FileCopy                                     isrt.obl(Files.obs)
215  ISRT._GetCurrentDialogName                         isrt.obl(Dialogs.obs)
216  ISRT._GetDiskSpaceEx                               isrt.obl(GSI.obs)
217  ISRT._GetGlobalMemorySize                          isrt.obl(GSI.obs)
218  ISRT._GetProcessorInfo                             isrt.obl(OsInfo.obs)
219  ISRT._GetRunningChildProcessEx2                    isrt.obl(Extend.obs)
220  ISRT._GetStandardLangId                            isrt.obl(Misc.obs)
221  ISRT._GetSupportDir                                isrt.obl(SysVars.obs)
222  ISRT._GetTrueTypeFontFileInfo                      isrt.obl(Misc.obs)
223  ISRT._GetVirtualMachineType                        isrt.obl(GSI.obs)
224  ISRT._InetEndofTransfer                            isrt.obl(iftw.obs)
225  ISRT._InetGetNextDisk                              isrt.obl(iftw.obs)
226  ISRT._InitInstall                                  Setup.obs
227  ISRT._IsFontTypefaceNameAvailable                  isrt.obl(Is.obs)
228  ISRT._IsInAdminGroup                               isrt.obl(Is.obs)
229  ISRT._IsLangSupported                              isrt.obl(Is.obs)
230  ISRT._IsSkinLoaded                                 isrt.obl(Is.obs)
231  ISRT._IsVirtualMachine                             isrt.obl(OsInfo.obs)
232  ISRT._IsWindowsME                                  isrt.obl(GSI.obs)
233  ISRT._IsWow64                                      isrt.obl(OsInfo.obs)
234  ISRT._ListAddItem                                  isrt.obl(scrlist.obs)
235  ISRT._ListAddString                                isrt.obl(scrlist.obs)
236  ISRT._ListCount                                    isrt.obl(scrlist.obs)
237  ISRT._ListCreate                                   isrt.obl(scrlist.obs)
238  ISRT._ListCurrentItem                              isrt.obl(scrlist.obs)
239  ISRT._ListCurrentString                            isrt.obl(scrlist.obs)
240  ISRT._ListDeleteItem                               isrt.obl(scrlist.obs)
241  ISRT._ListDeleteString                             isrt.obl(scrlist.obs)
242  ISRT._ListDestroy                                  isrt.obl(scrlist.obs)
243  ISRT._ListFindItem                                 isrt.obl(scrlist.obs)
244  ISRT._ListFindString                               isrt.obl(scrlist.obs)
245  ISRT._ListGetFirstItem                             isrt.obl(scrlist.obs)
246  ISRT._ListGetFirstString                           isrt.obl(scrlist.obs)
247  ISRT._ListGetIndex                                 isrt.obl(scrlist.obs)
248  ISRT._ListGetNextItem                              isrt.obl(scrlist.obs)
249  ISRT._ListGetNextString                            isrt.obl(scrlist.obs)
250  ISRT._ListGetType                                  isrt.obl(scrlist.obs)
251  ISRT._ListReadFromFile                             isrt.obl(scrlist.obs)
252  ISRT._ListSetIndex                                 isrt.obl(scrlist.obs)
253  ISRT._MediaGetFilteringInfo                        isrt.obl(Feature.obs)
254  ISRT._MediaGetInfo                                 isrt.obl(Feature.obs)
255  ISRT._OnUninstPriv                                 Setup.obs
256  ISRT._OpenFile                                     isrt.obl(Files.obs)
257  ISRT._Preprogram                                   Setup.obs
258  ISRT._PrintFile                                    isrt.obl(Files.obs)
259  ISRT._Rebooted                                     Setup.obs
260  ISRT._RegCreateKey                                 isrt.obl(Registry.obs)
261  ISRT._RegDeleteValue                               isrt.obl(Registry.obs)
262  ISRT._RegEnableTextSubs                            isrt.obl(Enable.obs)
263  ISRT._RegEnum                                      isrt.obl(Registry.obs)
264  ISRT._RegGetOptions                                isrt.obl(SysVars.obs)
265  ISRT._RegIsRemoteRegConnected                      isrt.obl(Is.obs)
266  ISRT._RegQueryKeyBinaryValue                       isrt.obl(Registry.obs)
267  ISRT._RegQueryKeyValue                             isrt.obl(Registry.obs)
268  ISRT._RegSetKeyBinaryValue                         isrt.obl(Registry.obs)
269  ISRT._RegSetKeyValue                               isrt.obl(Registry.obs)
270  ISRT._RegSetOptions                                isrt.obl(SysVars.obs)
271  ISRT._ReleaseDialog                                isrt.obl(CustomDialog.obs)
272  ISRT._SdShowMsg                                    isrt.obl(ISRTScriptDialogsPriv.obs)
273  ISRT._SetAltMainImage                              isrt.obl(Dialogs.obs)
274  ISRT._SetDisplayEffect                             isrt.obl(ui.obs)
275  ISRT._SetPaletteFile                               isrt.obl(MIO.obs)
276  ISRT._SetSilentSdShowMsg                           isrt.obl(Enable.obs)
277  ISRT._SetTitle                                     isrt.obl(ui.obs)
278  ISRT._SetupInet                                    isrt.obl(MIO.obs)
279  ISRT._SetupTraceWrite                              isrt.obl(Misc.obs)
280  ISRT._ShowObjWizardPages                           isrt.obl(Objects.obs)
281  ISRT._ShowWizardPages                              Setup.obs
282  ISRT._StatusUpdate                                 isrt.obl(ui.obs)
283  ISRT._WaitOnDialog                                 isrt.obl(CustomDialog.obs)
284  ISRT._WriteLine                                    isrt.obl(Files.obs)
285  ISRT.__CreateObjectContext                         isrt.obl(ISRTInit.obs)
286  ISRT.__GetCmdLineOptions                           isrt.obl(ISRTInit.obs)
287  ISRT.__GetContextGUID                              isrt.obl(ISRTInit.obs)
288  ISRT.__GetEnabledIServices                         isrt.obl(SysVars.obs)
289  ISRT.__GetFileRegistrar                            isrt.obl(ISRTInit.obs)
290  ISRT.__GetInfo                                     isrt.obl(ISRTInit.obs)
291  ISRT.__GetInstallGuid                              isrt.obl(SysVars.obs)
292  ISRT.__GetLog                                      isrt.obl(SysVars.obs)
293  ISRT.__GetLogDB                                    isrt.obl(ISRTInit.obs)
294  ISRT.__GetLogEx                                    isrt.obl(SysVars.obs)
295  ISRT.__GetMainWindow                               Setup.obs
296  ISRT.__GetMaintOption                              isrt.obl(SysVars.obs)
297  ISRT.__GetMaintenanceMode                          isrt.obl(SysVars.obs)
298  ISRT.__GetObjects                                  isrt.obl(ISRTInit.obs)
299  ISRT.__GetProductGuid                              isrt.obl(SysVars.obs)
300  ISRT.__GetProgress                                 Setup.obs
301  ISRT.__GetReboot                                   isrt.obl(ISRTInit.obs)
302  ISRT.__GetReinstallMode                            isrt.obl(SysVars.obs)
303  ISRT.__GetRemoveAllMode                            isrt.obl(SysVars.obs)
304  ISRT.__GetTextSub                                  isrt.obl(ISRTInit.obs)
305  ISRT.__GetUpdateMode                               isrt.obl(SysVars.obs)
306  ISRT.__GetUser                                     isrt.obl(MIO.obs)
307  ISRT.__ISRTGetPropertyBag                          ifx.obl(PersistPropertyBag.obs)
308  ISRT.__ISRTReleasePropertyBag                      ifx.obl(PersistPropertyBag.obs)
309  ISRT.__LoadString                                  isrt.obl(LoadStr.obs)
310  ISRT.__PutEnabledIServices                         isrt.obl(Enable.obs)
311  ISRT.__ReleaseObjectContext                        isrt.obl(ISRTInit.obs)
312  ISRT.__RestoreMainLog                              isrt.obl(ISRTInit.obs)
313  ISRT.__RestoreMainLogEx                            isrt.obl(ISRTInit.obs)
314  ISRT.__SetComponentLog                             isrt.obl(ISRTInit.obs)
315  ISRT.__SetUpdateMode                               isrt.obl(SysVars.obs)
316  ISRTHandleScriptException                          isrt.obl(Misc.obs)
317  ISRTOnUninstPriv                                   isrt.obl(Driver.obs)
318  ISRTPreprogram                                     isrt.obl(Driver.obs)
319  IfxFilterComponents                                ifx.obl(EventsSetupPriv.obs)
320  IfxFinalConstruct                                  ifx.obl(EventsSetupPriv.obs)
321  IfxFinalRelease                                    ifx.obl(EventsSetupPriv.obs)
322  IfxInitProperties                                  ifx.obl(PersistPropertyBag.obs)
323  IfxOnAbortInstall                                  ifx.obl(EventsPriv.obs)
324  IfxOnAppSearch                                     ifx.obl(EventsPriv.obs)
325  IfxOnCCPSearch                                     ifx.obl(EventsPriv.obs)
326  IfxOnCanceling                                     ifx.obl(EventsPriv.obs)
327  IfxOnDisk1Installed                                ifx.obl(EventsSetupPriv.obs)
328  IfxOnDisk1Installing                               ifx.obl(EventsSetupPriv.obs)
329  IfxOnExitInstall                                   ifx.obl(EventsSetupPriv.obs)
330  IfxOnFileError                                     ifx.obl(EventsSetupPriv.obs)
331  IfxOnFileLocked                                    ifx.obl(EventsSetupPriv.obs)
332  IfxOnFileReadOnly                                  ifx.obl(EventsSetupPriv.obs)
333  IfxOnGeneralScriptOp                               ifx.obl(EventsPriv.obs)
334  IfxOnHelp                                          ifx.obl(EventsPriv.obs)
335  IfxOnInitInstall                                   ifx.obl(EventsSetupPriv.obs)
336  IfxOnInternetError                                 ifx.obl(EventsSetupPriv.obs)
337  IfxOnMD5Error                                      ifx.obl(EventsSetupPriv.obs)
338  IfxOnNextDisk                                      ifx.obl(EventsSetupPriv.obs)
339  IfxOnRebooted                                      ifx.obl(EventsPriv.obs)
340  IfxOnRemovingSharedFile                            ifx.obl(EventsSetupPriv.obs)
341  IfxOnShowWizardPages                               ifx.obl(EventsSetupPriv.obs)
342  IfxOnTransferred                                   ifx.obl(EventsPriv.obs)
343  IfxOnTransferring                                  ifx.obl(EventsSetupPriv.obs)
344  IfxOnUnhandledException                            ifx.obl(EventsPriv.obs)
345  IfxOnUninst                                        ifx.obl(EventsSetupPriv.obs)
346  IfxOnUninstPriv                                    ifx.obl(EventsSetupPriv.obs)
347  IfxPostprogram                                     ifx.obl(EventsSetupPriv.obs)
348  IfxPreprogram                                      ifx.obl(EventsSetupPriv.obs)
349  IfxReadProperties                                  ifx.obl(PersistPropertyBag.obs)
350  IfxRunAfterReboot                                  ifx.obl(EventsSetupPriv.obs)
351  IfxWriteProperties                                 ifx.obl(PersistPropertyBag.obs)
352  InetEndofTransfer                                  isrt.obl(iftw.obs)
353  InetNextDisk                                       isrt.obl(iftw.obs)
354  InitInstall                                        isrt.obl(Driver.obs)
355  InitProperties                                     ifx.obl(PersistPropertyBag.obs)
356  Is                                                 isrt.obl(Is.obs)
357  IsInetInstall                                      isrt.obl(iftw.obs)
358  KERNEL.GetModuleHandle                             Setup.obs
359  KERNEL32.CloseHandle                               Setup.obs
360  KERNEL32.CreateFileA                               Setup.obs
361  KERNEL32.CreateProcess                             Setup.obs
362  KERNEL32.DeleteFileA                               Setup.obs
363  KERNEL32.FindClose                                 Setup.obs
364  KERNEL32.FindFirstFileA                            Setup.obs
365  KERNEL32.FindNextFileA                             Setup.obs
366  KERNEL32.FormatMessageA                            Setup.obs
367  KERNEL32.FreeLibrary                               Setup.obs
368  KERNEL32.GetCurrentDirectoryA                      Setup.obs
369  KERNEL32.GetDriveType                              Setup.obs
370  KERNEL32.GetExitCodeProcess                        Setup.obs
371  KERNEL32.GetFileAttributesA                        Setup.obs
372  KERNEL32.GetLocalTime                              Setup.obs
373  KERNEL32.GetLocaleInfo                             Setup.obs
374  KERNEL32.GetPrivateProfileSectionA                 Setup.obs
375  KERNEL32.GetPrivateProfileString                   Setup.obs
376  KERNEL32.GetPrivateProfileStringA                  Setup.obs
377  KERNEL32.GetProcAddress                            Setup.obs
378  KERNEL32.GetProcessId                              Setup.obs
379  KERNEL32.GetProfileStringA                         Setup.obs
380  KERNEL32.GetSystemDefaultLCID                      Setup.obs
381  KERNEL32.GetSystemDefaultLangID                    Setup.obs
382  KERNEL32.GetSystemDefaultUILanguage                Setup.obs
383  KERNEL32.GetTickCount                              Setup.obs
384  KERNEL32.GetUserDefaultLangID                      Setup.obs
385  KERNEL32.GetVersion                                Setup.obs
386  KERNEL32.GetVersionEx                              Setup.obs
387  KERNEL32.GetVolumeInformation                      Setup.obs
388  KERNEL32.GetWindowsDirectory                       Setup.obs
389  KERNEL32.LoadLibraryA                              Setup.obs
390  KERNEL32.SetCurrentDirectoryA                      Setup.obs
391  KERNEL32.SetFileAttributesA                        Setup.obs
392  KERNEL32.Sleep                                     Setup.obs
393  KERNEL32.WritePrivateProfileString                 Setup.obs
394  KERNEL32.WritePrivateProfileStringA                Setup.obs
395  KERNEL32.WriteProfileStringA                       Setup.obs
396  KERNEL32.lstrlen                                   Setup.obs
397  Kernel32.GetACP                                    Setup.obs
398  LOWORD                                             isrt.obl(Misc.obs)
399  LaunchAppAndWait                                   isrt.obl(Extend.obs)
400  LaunchAppAndWaitInitStartupInfo                    isrt.obl(Extend.obs)
401  LaunchApplication                                  isrt.obl(Extend.obs)
402  LaunchApplicationInit                              isrt.obl(Extend.obs)
403  ListAddItem                                        isrt.obl(scrlist.obs)
404  ListAddString                                      isrt.obl(scrlist.obs)
405  ListCount                                          isrt.obl(scrlist.obs)
406  ListCreate                                         isrt.obl(scrlist.obs)
407  ListCurrentItem                                    isrt.obl(scrlist.obs)
408  ListCurrentString                                  isrt.obl(scrlist.obs)
409  ListDeleteItem                                     isrt.obl(scrlist.obs)
410  ListDeleteString                                   isrt.obl(scrlist.obs)
411  ListDestroy                                        isrt.obl(scrlist.obs)
412  ListFindItem                                       isrt.obl(scrlist.obs)
413  ListFindKeyValueString                             isrt.obl(scrlist.obs)
414  ListFindString                                     isrt.obl(scrlist.obs)
415  ListGetFirstItem                                   isrt.obl(scrlist.obs)
416  ListGetFirstString                                 isrt.obl(scrlist.obs)
417  ListGetIndex                                       isrt.obl(scrlist.obs)
418  ListGetNextItem                                    isrt.obl(scrlist.obs)
419  ListGetNextString                                  isrt.obl(scrlist.obs)
420  ListGetType                                        isrt.obl(scrlist.obs)
421  ListReadFromFile                                   isrt.obl(scrlist.obs)
422  ListSetIndex                                       isrt.obl(scrlist.obs)
423  ListValid                                          isrt.obl(scrlist.obs)
424  ListValidType                                      isrt.obl(scrlist.obs)
425  LoadStringFromStringTable                          isrt.obl(Str.obs)
426  LogReadCustomString                                isrt.obl(Misc.obs)
427  LogReadCustomVariant                               isrt.obl(Misc.obs)
428  LogWriteCustomString                               isrt.obl(Misc.obs)
429  LogWriteCustomVariant                              isrt.obl(Misc.obs)
430  LongPathFromShortPath                              isrt.obl(Str.obs)
431  LongPathToQuote                                    isrt.obl(Str.obs)
432  MAKELONG                                           isrt.obl(Misc.obs)
433  MIFCreateMIFFile                                   isrt.obl(MIF.obs)
434  MIFDeleteMIFFile                                   isrt.obl(MIF.obs)
435  MIFInitialize                                      isrt.obl(MIF.obs)
436  MIFSetInformation                                  isrt.obl(MIF.obs)
437  MIFUnInitialize                                    isrt.obl(MIF.obs)
438  MIFWasSetInformationCalled                         isrt.obl(MIF.obs)
439  MIOShutdown                                        isrt.obl(MIO.obs)
440  MIOStartup                                         isrt.obl(MIO.obs)
441  MaintenanceStart                                   isrt.obl(Registry.obs)
442  MediaGetData                                       isrt.obl(Feature.obs)
443  MediaGetDataEx                                     isrt.obl(Feature.obs)
444  MessageBeep                                        isrt.obl(Misc.obs)
445  MessageBox                                         isrt.obl(ISRTScriptDialogsPriv.obs)
446  MessageBoxEx                                       isrt.obl(ISRTScriptDialogsPriv.obs)
447  OnAbort                                            ifx.obl(EventsSetup.obs)
448  OnAppSearch                                        ifx.obl(EventsSetup.obs)
449  OnBegin                                            ifx.obl(EventsSetup.obs)
450  OnCCPSearch                                        ifx.obl(EventsSetup.obs)
451  OnCanceling                                        ifx.obl(EventsSetup.obs)
452  OnCheckMediaPassword                               ifx.obl(EventsSetup.obs)
453  OnComponentError                                   ifx.obl(EventsSetup.obs)
454  OnCustomizeUninstInfo                              ifx.obl(EventsSetup.obs)
455  OnDIFxLogCallback                                  ifx.obl(EventsSetup.obs)
456  OnDIFxLogCallbackImpl                              isrt.obl(ISDIFx.obs)
457  OnEnd                                              ifx.obl(EventsSetup.obs)
458  OnFileError                                        ifx.obl(EventsSetup.obs)
459  OnFileLocked                                       Setup.obs
460  OnFileReadOnly                                     ifx.obl(EventsSetup.obs)
461  OnFilterComponents                                 ifx.obl(EventsSetup.obs)
462  OnFirstUIAfter                                     Setup.obs
463  OnFirstUIBefore                                    Setup.obs
464  OnHelp                                             ifx.obl(EventsSetup.obs)
465  OnIISAppPoolUninstalling                           ifx.obl(EventsPriv.obs)
466  OnIISCheckRequirements                             ifx.obl(EventsPriv.obs)
467  OnIISComponentInstalled                            ifx.obl(EventsPriv.obs)
468  OnIISInitialize                                    ifx.obl(EventsPriv.obs)
469  OnIISUninitialize                                  ifx.obl(EventsPriv.obs)
470  OnIISVRootUninstalling                             ifx.obl(EventsPriv.obs)
471  OnIISWebServiceExtensionUninstalling               ifx.obl(EventsPriv.obs)
472  OnIISWebSiteUninstalling                           ifx.obl(EventsPriv.obs)
473  OnInstallDRMService                                isrt.obl(Activation.obs)
474  OnInstalledFile                                    ifx.obl(EventsSetup.obs)
475  OnInstalledFontFile                                ifx.obl(EventsSetup.obs)
476  OnInstallingFile                                   ifx.obl(EventsSetup.obs)
477  OnInternetError                                    ifx.obl(EventsSetup.obs)
478  OnLaunchAppAndWaitCallback                         ifx.obl(EventsSetup.obs)
479  OnMD5Error                                         ifx.obl(EventsSetup.obs)
480  OnMaintUIAfter                                     Setup.obs
481  OnMaintUIBefore                                    Setup.obs
482  OnMoveData                                         ifx.obl(EventsSetup.obs)
483  OnMoved                                            ifx.obl(EventsSetup.obs)
484  OnMoving                                           Setup.obs
485  OnNetApiCreateUserAccount                          ifx.obl(EventsSetup.obs)
486  OnNetApiCreateUserAccountInternal                  isrt.obl(NetApiRT.obs)
487  OnNextDisk                                         ifx.obl(EventsSetup.obs)
488  OnRebooted                                         ifx.obl(EventsSetup.obs)
489  OnRemovingSharedFile                               ifx.obl(EventsSetup.obs)
490  OnSQLBatchScripts                                  ifx.obl(EventsPriv.obs)
491  OnSQLComponentInstalled                            ifx.obl(EventsPriv.obs)
492  OnSQLComponentUninstalled                          ifx.obl(EventsPriv.obs)
493  OnSQLServerInitialize                              ifx.obl(EventsPriv.obs)
494  OnSQLServerInitializeMaint                         ifx.obl(EventsPriv.obs)
495  OnSelfRegistrationError                            ifx.obl(EventsSetup.obs)
496  OnSetTARGETDIR                                     ifx.obl(EventsSetup.obs)
497  OnSetUpdateMode                                    Setup.obs
498  OnShowUI                                           ifx.obl(EventsSetup.obs)
499  OnUnInstallDRMService                              isrt.obl(Activation.obs)
500  OnUnhandledException                               ifx.obl(EventsPriv.obs)
501  OnUninstall                                        ifx.obl(EventsSetup.obs)
502  OnUninstalledFile                                  ifx.obl(EventsSetup.obs)
503  OnUninstallingDIFxDriverFile                       ifx.obl(EventsSetup.obs)
504  OnUninstallingFile                                 ifx.obl(EventsSetup.obs)
505  OnUninstallingFontFile                             ifx.obl(EventsSetup.obs)
506  OnUpdateUIAfter                                    ifx.obl(EventsSetup.obs)
507  OnUpdateUIBefore                                   ifx.obl(EventsSetup.obs)
508  OnXMLComponentInstalled                            ifx.obl(EventsPriv.obs)
509  OnXMLComponentUninstalling                         ifx.obl(EventsPriv.obs)
510  OnXMLInitialize                                    ifx.obl(EventsPriv.obs)
511  OnXMLUninitialize                                  ifx.obl(EventsPriv.obs)
512  OpenFileMode                                       isrt.obl(Files.obs)
513  ParsePath                                          isrt.obl(Str.obs)
514  Postprogram                                        ifx.obl(EventsSetupPriv.obs)
515  Preprogram                                         ifx.obl(EventsSetupPriv.obs)
516  PrintFile                                          isrt.obl(Files.obs)
517  ProgGetGroupType                                   isrt.obl(Shell.obs)
518  PthFixPath                                         isrt.obl(Pth.obs)
519  PthIsAbsPath                                       isrt.obl(Pth.obs)
520  PthIsRoot                                          isrt.obl(Pth.obs)
521  ReadProperties                                     ifx.obl(PersistPropertyBag.obs)
522  Rebooted                                           isrt.obl(Driver.obs)
523  RegDBDeleteItem                                    isrt.obl(Registry.obs)
524  RegDBDeleteValue                                   isrt.obl(Registry.obs)
525  RegDBDeleteValueEx                                 isrt.obl(Registry.obs)
526  RegDBDeleteValueEx32                               isrt.obl(Registry.obs)
527  RegDBGetDefaultRoot                                isrt.obl(SysVars.obs)
528  RegDBGetItem                                       isrt.obl(Registry.obs)
529  RegDBGetKeyValueEx                                 isrt.obl(Registry.obs)
530  RegDBQueryKey                                      isrt.obl(Registry.obs)
531  RegDBQueryKeyCount                                 isrt.obl(Registry.obs)
532  RegDBQueryStringMultiStringCount                   isrt.obl(Registry.obs)
533  RegDBQueryValue                                    isrt.obl(Registry.obs)
534  RegDBQueryValue32                                  isrt.obl(Registry.obs)
535  RegDBSetDefaultRoot                                isrt.obl(SysVars.obs)
536  RegDBSetItem                                       isrt.obl(Registry.obs)
537  RegDBSetKeyValueEx                                 isrt.obl(Registry.obs)
538  RegDBSetValue                                      isrt.obl(Registry.obs)
539  RegDBSetValue32                                    isrt.obl(Registry.obs)
540  RegDBSetVersion                                    isrt.obl(Registry.obs)
541  RegisterFontResource                               isrt.obl(Misc.obs)
542  ReleaseDialog                                      isrt.obl(CustomDialog.obs)
543  SdCloseDlg                                         isrt.obl(SDINT.obs)
544  SdDlgToTop                                         isrt.obl(SDINT.obs)
545  SdDoStdButton                                      isrt.obl(SDINT.obs)
546  SdEnablement                                       isrt.obl(SDINT.obs)
547  SdError                                            isrt.obl(SDINT.obs)
548  SdExceptionsInit                                   isrt.obl(ISRTScriptDialogsPriv.obs)
549  SdFinish                                           isrt.obl(ISRTScriptDialogs.obs)
550  SdFinishReboot                                     isrt.obl(ISRTScriptDialogs.obs)
551  SdGeneralInit                                      isrt.obl(SDINT.obs)
552  SdInit                                             isrt.obl(SDINT.obs)
553  SdIsStdButton                                      isrt.obl(SDINT.obs)
554  SdLicense2                                         isrt.obl(ISRTScriptDialogs.obs)
555  SdLicense2Ex                                       isrt.obl(ISRTScriptDialogs.obs)
556  SdLoadString                                       isrt.obl(SDINT.obs)
557  SdMakeName                                         isrt.obl(SDINT.obs)
558  SdPlugInProductName                                isrt.obl(SDINT.obs)
559  SdSetDlgTitle                                      isrt.obl(SDINT.obs)
560  SdSetStatic                                        isrt.obl(SDINT.obs)
561  SdSetupTypeEx                                      isrt.obl(ISRTScriptDialogs.obs)
562  SdShowMsg                                          isrt.obl(ISRTScriptDialogsPriv.obs)
563  SdStartCopy                                        isrt.obl(ISRTScriptDialogs.obs)
564  SdSubstituteProductInfo                            isrt.obl(SDINT.obs)
565  SdUnInit                                           isrt.obl(SDINT.obs)
566  SdWelcome                                          isrt.obl(ISRTScriptDialogs.obs)
567  SelectDir                                          isrt.obl(ISRTScriptDialogsPriv.obs)
568  SelectDirNoLog                                     isrt.obl(ISRTScriptDialogsPriv.obs)
569  SendMessage                                        isrt.obl(Misc.obs)
570  ServiceInitParams                                  isrt.obl(Service.obs)
571  SetCmdLine                                         isrt.obl(SysVars.obs)
572  SetDialogTitle                                     isrt.obl(Dialogs.obs)
573  SetDisplayEffect                                   isrt.obl(ui.obs)
574  SetExtendedErrInfo                                 isrt.obl(IsUtil.obs)
575  SetStatus                                          ifx.obl(EventsSetupPriv.obs)
576  SetStatusEx                                        ifx.obl(EventsSetupPriv.obs)
577  SetStatusExStaticText                              isrt.obl(ui.obs)
578  SetStatusWindow                                    isrt.obl(ui.obs)
579  SetTitle                                           isrt.obl(ui.obs)
580  SetupTraceWrite                                    isrt.obl(Misc.obs)
581  Shell32.ShellExecuteEx                             Setup.obs
582  ShowObjWizardPages                                 isrt.obl(Objects.obs)
583  ShowWizardPages                                    isrt.obl(Driver.obs)
584  SilentCreateFile                                   isrt.obl(Silent.obs)
585  SilentDoGeneralInfo                                isrt.obl(Silent.obs)
586  SilentFailed                                       isrt.obl(Silent.obs)
587  SilentFinish                                       isrt.obl(Silent.obs)
588  SilentInit                                         isrt.obl(Silent.obs)
589  SilentLogWriteData                                 isrt.obl(Silent.obs)
590  SilentReadData                                     isrt.obl(Silent.obs)
591  SilentSetInfo                                      isrt.obl(Silent.obs)
592  SilentSetMode                                      isrt.obl(Silent.obs)
593  SilentWriteData                                    isrt.obl(Silent.obs)
594  Sprintf                                            isrt.obl(Str.obs)
595  SprintfBox                                         isrt.obl(ISRTScriptDialogsPriv.obs)
596  StatusUpdate                                       isrt.obl(ui.obs)
597  StrAddLastSlash                                    isrt.obl(Str.obs)
598  StrFindEx                                          isrt.obl(Str.obs)
599  StrGetTokens                                       isrt.obl(Str.obs)
600  StrLength                                          isrt.obl(Str.obs)
601  StrRemoveLastSlash                                 isrt.obl(Str.obs)
602  StrReplace                                         isrt.obl(Str.obs)
603  StrToNumHex                                        isrt.obl(Str.obs)
604  StrToUpper                                         isrt.obl(Str.obs)
605  StrTrim                                            isrt.obl(Str.obs)
606  SysVarsInit                                        isrt.obl(SysVars.obs)
607  SysVarsTrace                                       isrt.obl(SysVars.obs)
608  SysVarsUnInit                                      isrt.obl(SysVars.obs)
609  System                                             isrt.obl(Misc.obs)
610  SystemRestoreCancelRestorePointIS                  isrt.obl(PCRestore.obs)
611  SystemRestoreCloseRestorePointIS                   isrt.obl(PCRestore.obs)
612  SystemRestoreDisableIS                             isrt.obl(PCRestore.obs)
613  SystemRestoreIsEnabledIS                           isrt.obl(PCRestore.obs)
614  SystemRestoreOpenRestorePointIS                    isrt.obl(PCRestore.obs)
615  TextSubGetValue                                    isrt.obl(TextSub.obs)
616  TextSubParseTextSub                                isrt.obl(TextSub.obs)
617  TextSubSetValue                                    isrt.obl(TextSub.obs)
618  TextSubSubstitute                                  isrt.obl(TextSub.obs)
619  USER.EnableWindow                                  Setup.obs
620  USER.GetClassName                                  Setup.obs
621  USER.GetDC                                         Setup.obs
622  USER.GetDlgItem                                    Setup.obs
623  USER.GetFocus                                      Setup.obs
624  USER.GetWindowLong                                 Setup.obs
625  USER.GetWindowRect                                 Setup.obs
626  USER.IsIconic                                      Setup.obs
627  USER.IsWindow                                      Setup.obs
628  USER.PostMessage                                   Setup.obs
629  USER.ReleaseDC                                     Setup.obs
630  USER.SendMessageA                                  Setup.obs
631  USER.SendMessageTimeout                            Setup.obs
632  USER.SetFocus                                      Setup.obs
633  USER.SetWindowPos                                  Setup.obs
634  USER.SetWindowText                                 Setup.obs
635  USER.ShowWindow                                    Setup.obs
636  USER32.CharUpperBuffA                              Setup.obs
637  USER32.DispatchMessage                             Setup.obs
638  USER32.GetDesktopWindow                            Setup.obs
639  USER32.GetSystemMetrics                            Setup.obs
640  USER32.GetWindowText                               Setup.obs
641  USER32.GetWindowTextLength                         Setup.obs
642  USER32.IsWindowVisible                             Setup.obs
643  USER32.MessageBoxA                                 Setup.obs
644  USER32.MsgWaitForMultipleObjects                   Setup.obs
645  USER32.PeekMessageA                                Setup.obs
646  USER32.SendMessageA                                Setup.obs
647  USER32.SetForegroundWindow                         Setup.obs
648  USER32.SetWindowLong                               Setup.obs
649  USER32.SetWindowRgn                                Setup.obs
650  USER32.TranslateMessage                            Setup.obs
651  USER32.WaitForInputIdle                            Setup.obs
652  UpdateServiceEnableUpdateService                   isrt.obl(ISUpdateService.obs)
653  VarInit                                            isrt.obl(SysVars.obs)
654  VarRestore                                         isrt.obl(SysVars.obs)
655  VarRestoreISRT                                     isrt.obl(SysVars.obs)
656  VarSave                                            isrt.obl(SysVars.obs)
657  VarSaveISRT                                        isrt.obl(SysVars.obs)
658  VerCompare                                         isrt.obl(version.obs)
659  VerProductCompareVersions                          isrt.obl(version.obs)
660  VerProductGetInstalledVersion                      isrt.obl(version.obs)
661  VerProductIsVersionSupported                       isrt.obl(version.obs)
662  VerProductNumToStr                                 isrt.obl(version.obs)
663  VerProductStrToNum                                 isrt.obl(version.obs)
664  VerProductVerFromVerParts                          isrt.obl(version.obs)
665  VerProductVerPartsFromVer                          isrt.obl(version.obs)
666  WaitForApplication                                 isrt.obl(Extend.obs)
667  WaitOnDialog                                       isrt.obl(CustomDialog.obs)
668  WizardDirection                                    ifx.obl(EventsSetupPriv.obs)
669  WriteLine                                          isrt.obl(Files.obs)
670  WriteProfInt                                       isrt.obl(Profile.obs)
671  WriteProfString                                    isrt.obl(Profile.obs)
672  WriteProperties                                    ifx.obl(PersistPropertyBag.obs)
673  __ISRTDoExit                                       isrt.obl(Misc.obs)
674  __ISRTInit                                         isrt.obl(ISRTInit.obs)
675  __ISRTRestoreMainLog                               isrt.obl(ISRTInit.obs)
676  __ISRTRestoreMainLogEx                             isrt.obl(ISRTInit.obs)
677  __ISRTSetComponentLog                              isrt.obl(ISRTInit.obs)
678  __ISRTUnInit                                       isrt.obl(ISRTInit.obs)
679  __LoadIScriptString                                isrt.obl(LoadStr.obs)
680  kernel32.CloseHandle                               Setup.obs
681  kernel32.CreateProcessA                            Setup.obs
682  kernel32.GetExitCodeProcess                        Setup.obs
683  kernel32.WaitForSingleObject                       Setup.obs
684  program                                            ifx.obl(EventsSetupPriv.obs)
685  sfc.SRSetRestorePoint                              Setup.obs


***** External Variables *****
1    ADDREMOVE                                          isrt.obl(DebugSymbols.obs)
2    ADDREMOVE_COMBINEDBUTTON                           Setup.obs
3    ADDREMOVE_HIDECHANGEOPTION                         Setup.obs
4    ADDREMOVE_HIDEREMOVEOPTION                         Setup.obs
5    ADDREMOVE_HIDEREPAIROPTION                         Setup.obs
6    ADDREMOVE_STRING_REMOVEONLY                        Setup.obs
7    ADDREMOVE_SYSTEMCOMPONENT                          Setup.obs
8    ADMINUSER                                          Setup.obs
9    ALLUSERS                                           Setup.obs
10   BASICMSI                                           isrt.obl(DebugSymbols.obs)
11   BATCH_INSTALL                                      Setup.obs
12   CMDLINE                                            isrt.obl(DebugSymbols.obs)
13   COMMONFILES                                        isrt.obl(DebugSymbols.obs)
14   COMMONFILES64                                      isrt.obl(DebugSymbols.obs)
15   DISABLE_ALLUSERBTN                                 Setup.obs
16   DISABLE_PERUSERBTN                                 Setup.obs
17   DISK1SETUPEXENAME                                  isrt.obl(DebugSymbols.obs)
18   DISK1TARGET                                        Setup.obs
19   ENABLED_ISERVICES                                  isrt.obl(DebugSymbols.obs)
20   ENGINECOMMONDIR                                    isrt.obl(DebugSymbols.obs)
21   ENGINEDIR                                          isrt.obl(DebugSymbols.obs)
22   ERRORFILENAME                                      Setup.obs
23   Err                                                Setup.obs
24   FILETIME                                           Setup.obs
25   FIND_DATA                                          Setup.obs
26   FOLDER_APPDATA                                     isrt.obl(DebugSymbols.obs)
27   FOLDER_COMMON_APPDATA                              isrt.obl(DebugSymbols.obs)
28   FOLDER_DESKTOP                                     isrt.obl(DebugSymbols.obs)
29   FOLDER_DOTNET_10                                   isrt.obl(DebugSymbols.obs)
30   FOLDER_DOTNET_11                                   isrt.obl(DebugSymbols.obs)
31   FOLDER_DOTNET_20                                   isrt.obl(DebugSymbols.obs)
32   FOLDER_DOTNET_30                                   isrt.obl(DebugSymbols.obs)
33   FOLDER_DOTNET_35                                   isrt.obl(DebugSymbols.obs)
34   FOLDER_FONTS                                       isrt.obl(DebugSymbols.obs)
35   FOLDER_LOCAL_APPDATA                               isrt.obl(DebugSymbols.obs)
36   FOLDER_PERSONAL                                    isrt.obl(DebugSymbols.obs)
37   FOLDER_PROGRAMS                                    isrt.obl(DebugSymbols.obs)
38   FOLDER_STARTMENU                                   isrt.obl(DebugSymbols.obs)
39   FOLDER_STARTUP                                     isrt.obl(DebugSymbols.obs)
40   FOLDER_TEMP                                        isrt.obl(DebugSymbols.obs)
41   FileRegistrar                                      Setup.obs
42   HIDE_DISABLED_BTNS                                 Setup.obs
43   HKEYCURRENTROOTKEY                                 Setup.obs
44   IFX_COMPANY_NAME                                   Setup.obs
45   IFX_DISK1INSTALLED                                 Setup.obs
46   IFX_INITIALIZED                                    Setup.obs
47   IFX_INSTALLED_DISPLAY_VERSION                      Setup.obs
48   IFX_INSTALLED_VERSION                              Setup.obs
49   IFX_KEYPATH_PRODUCT_INFO                           Setup.obs
50   IFX_MULTI_INSTANCE_SUFFIX                          Setup.obs
51   IFX_OPEN_RESTORE_POINT                             isrt.obl(PCRestore.obs)
52   IFX_PRODUCT_COMMENTS                               Setup.obs
53   IFX_PRODUCT_DISPLAY_NAME                           Setup.obs
54   IFX_PRODUCT_DISPLAY_VERSION                        Setup.obs
55   IFX_PRODUCT_ICON                                   Setup.obs
56   IFX_PRODUCT_KEY                                    Setup.obs
57   IFX_PRODUCT_NAME                                   Setup.obs
58   IFX_PRODUCT_README                                 Setup.obs
59   IFX_PRODUCT_REGISTEREDCOMPANY                      Setup.obs
60   IFX_PRODUCT_REGISTEREDOWNER                        Setup.obs
61   IFX_PRODUCT_REGISTEREDSERIALNUM                    Setup.obs
62   IFX_PRODUCT_SUPPORT_CONTACT                        Setup.obs
63   IFX_PRODUCT_SUPPORT_PHONE                          Setup.obs
64   IFX_PRODUCT_SUPPORT_URL                            Setup.obs
65   IFX_PRODUCT_UPDATE_URL                             Setup.obs
66   IFX_PRODUCT_URL                                    Setup.obs
67   IFX_PRODUCT_VERSION                                Setup.obs
68   IFX_RESTORE_DISABLED                               isrt.obl(PCRestore.obs)
69   IFX_SETUP_TITLE                                    Setup.obs
70   IFX_SUPPORTED_VERSIONS                             Setup.obs
71   IISROOTFOLDER                                      isrt.obl(DebugSymbols.obs)
72   INSTALLSCRIPTMSI                                   isrt.obl(DebugSymbols.obs)
73   INSTALLSCRIPTMSIEEUI                               isrt.obl(DebugSymbols.obs)
74   INSTANCE_GUID                                      isrt.obl(DebugSymbols.obs)
75   ISDIFXAPPID                                        Setup.obs
76   ISRES                                              isrt.obl(DebugSymbols.obs)
77   ISUSER                                             isrt.obl(DebugSymbols.obs)
78   ISUTIL_FUNCTION_ACTUAL_ERROR                       Setup.obs
79   ISUTIL_LINE_NUMBER                                 Setup.obs
80   ISUTIL_SCRIPT_FILE                                 Setup.obs
81   ISVERSION                                          isrt.obl(DebugSymbols.obs)
82   IS_NULLSTR_PTR                                     Setup.obs
83   InetSRCDIR                                         Setup.obs
84   LAAW_PARAMETERS                                    Setup.obs
85   LAAW_PROCESS_INFORMATION                           Setup.obs
86   LAAW_SHELLEXECUTEINFO                              Setup.obs
87   LAAW_SHELLEXECUTEVERB                              Setup.obs
88   LAAW_STARTUPINFO                                   Setup.obs
89   LAST_RESULT                                        Setup.obs
90   LogDB                                              Setup.obs
91   MAINTENANCE                                        isrt.obl(DebugSymbols.obs)
92   MAINT_OPTION                                       isrt.obl(DebugSymbols.obs)
93   MEDIA                                              Setup.obs
94   MEDIA_INFO                                         isrt.obl(Feature.obs)
95   MODE                                               Setup.obs
96   MSG                                                Setup.obs
97   MULTI_INSTANCE_COUNT                               isrt.obl(DebugSymbols.obs)
98   MainWindow                                         Setup.obs
99   NOTHING                                            Setup.obs
100  OSINFO_PLATFORM_INFO                               Setup.obs
101  OSINFO_PROCESSOR_INFO                              Setup.obs
102  OSVERSIONINFO                                      Setup.obs
103  OSVERSIONINFOEX                                    Setup.obs
104  Objects                                            Setup.obs
105  PACKAGE_LOCATION                                   isrt.obl(DebugSymbols.obs)
106  POINT                                              Setup.obs
107  PRIVILEGED                                         Setup.obs
108  PROCESS_INFORMATION                                Setup.obs
109  PRODUCT_GUID                                       isrt.obl(DebugSymbols.obs)
110  PROGRAMFILES                                       isrt.obl(DebugSymbols.obs)
111  PROGRAMFILES64                                     isrt.obl(DebugSymbols.obs)
112  RECT                                               Setup.obs
113  REGDB_OPTIONS                                      Setup.obs
114  REINSTALLMODE                                      isrt.obl(DebugSymbols.obs)
115  REMOVEALLMODE                                      isrt.obl(DebugSymbols.obs)
116  REMOVEONLY                                         isrt.obl(DebugSymbols.obs)
117  RUN_ONCE_PROGRAM                                   isrt.obl(DebugSymbols.obs)
118  Reboot                                             Setup.obs
119  SELECTED_LANGUAGE                                  isrt.obl(DebugSymbols.obs)
120  SERVICE_IS_PARAMS                                  Setup.obs
121  SETUPTYPE_STR_COMPACT                              Setup.obs
122  SETUPTYPE_STR_COMPLETE                             Setup.obs
123  SETUPTYPE_STR_CUSTOM                               Setup.obs
124  SETUPTYPE_STR_TYPICAL                              Setup.obs
125  SHAREDSUPPORTDIR                                   isrt.obl(DebugSymbols.obs)
126  SHELLEXECUTEINFO                                   Setup.obs
127  SHELL_OBJECT_FOLDER                                Setup.obs
128  SHOW_PASSWORD_DIALOG                               isrt.obl(DebugSymbols.obs)
129  SRCDIR                                             Setup.obs
130  SRCDISK                                            isrt.obl(DebugSymbols.obs)
131  STANDARD_SELECTED_LANGUAGE                         isrt.obl(DebugSymbols.obs)
132  STARTUPINFO                                        Setup.obs
133  SUPPORTDIR                                         isrt.obl(DebugSymbols.obs)
134  SYSINFO                                            Setup.obs
135  SYSPROCESSORINFO                                   Setup.obs
136  SYSTEMTIME                                         Setup.obs
137  SetupInfo                                          Setup.obs
138  StatusDlg                                          Setup.obs
139  TARGETDIR                                          Setup.obs
140  TARGETDISK                                         isrt.obl(DebugSymbols.obs)
141  TextSub                                            Setup.obs
142  UNINST                                             Setup.obs
143  UNINSTALLKEY                                       Setup.obs
144  UNINSTALL_DISPLAYNAME                              Setup.obs
145  UNINSTALL_STRING                                   Setup.obs
146  UPDATEMODE                                         Setup.obs
147  WINDIR                                             isrt.obl(DebugSymbols.obs)
148  WINDISK                                            isrt.obl(DebugSymbols.obs)
149  WINSYSDIR                                          isrt.obl(DebugSymbols.obs)
150  WINSYSDIR64                                        isrt.obl(DebugSymbols.obs)
151  WINSYSDISK                                         isrt.obl(DebugSymbols.obs)
152  _FONTFILEINFO                                      Setup.obs
153  _INT64                                             Setup.obs
154  _ISDIFXINSTALLERINFO                               isrt.obl(ISDIFx.obs)
155  _LAAW_PARAMETERS                                   Setup.obs
156  _LAAW_TEMP_DATA                                    isrt.obl(Extend.obs)
157  _RESTOREPOINTINFO                                  Setup.obs
158  _SERVICE_IS_PARAMS                                 Setup.obs
159  _STATEMGRSTATUS                                    Setup.obs
160  _WIN9X                                             Setup.obs
161  _WINNT                                             Setup.obs
162  __hContext                                         Setup.obs
163  __objGlobalTextSub                                 Setup.obs
164  __szGUID                                           Setup.obs
165  bBackButton                                        Setup.obs
166  bCancelButton                                      Setup.obs
167  bEnterDiskBeep                                     Setup.obs
168  bFinishButton                                      Setup.obs
169  bIFXLFNoToAll                                      Setup.obs
170  bIFXLFOnRebootToAll                                Setup.obs
171  bIFXLFYesToAll                                     Setup.obs
172  bIFXMD5IgnoreToAll                                 Setup.obs
173  bIFXRONoToAll                                      Setup.obs
174  bIFXROYesToAll                                     Setup.obs
175  bIFXSFNoToAll                                      Setup.obs
176  bIFXSFYesToAll                                     Setup.obs
177  bInstall16                                         Setup.obs
178  bNextButton                                        Setup.obs
179  bSdInit                                            Setup.obs
180  bViewCmptKunits                                    Setup.obs
181  bViewCmptUseDecimal                                Setup.obs
182  g_bSuppressMissingStringWarning                    isrt.obl(Enable.obs)
183  g_nDlgAskPath                                      Setup.obs
184  nDlgAskYesNo                                       Setup.obs
185  nDlgEnterPassword                                  Setup.obs
186  nDlgMessageBox                                     Setup.obs
187  nDlgSelectDir                                      Setup.obs
188  nDlgSprintfBox                                     Setup.obs
189  nSdFinish                                          Setup.obs
190  nSdFinishReboot                                    Setup.obs
191  nSdLicense2                                        Setup.obs
192  nSdLicense2Rtf                                     Setup.obs
193  nSdSetupTypeEx                                     Setup.obs
194  nSdStartCopy                                       Setup.obs
195  nSdWelcome                                         Setup.obs
196  szAppKey                                           Setup.obs
197  szSdProduct                                        Setup.obs
198  szSdStr_NotEnoughSpace                             Setup.obs
