***** External Functions *****
1    AddFolderIcon                                      isrt.obl(Shell.obs)
2    AddFontRegistrationToLog                           isrt.obl(Misc.obs)
3    AppSearch                                          isrt.obl(Driver.obs)
4    AskOptions                                         isrt.obl(AskOptionsDlg.obs)
5    AskPath                                            isrt.obl(AskPathDlg.obs)
6    AskYesNo                                           isrt.obl(AskYesNo.obs)
7    CCPSearch                                          isrt.obl(Driver.obs)
8    CUBRID_Installed                                   Setup.obs
9    CUBRID_Installing                                  Setup.obs
10   CUBRID_UnInstalling                                Setup.obs
11   ChangeDirectory                                    isrt.obl(Files.obs)
12   CloseFile                                          isrt.obl(Files.obs)
13   CmdGetHwndDlg                                      isrt.obl(CustomDialog.obs)
14   ComponentAddFileToLog                              isrt.obl(component.obs)
15   ComponentIsItemSelected                            isrt.obl(component.obs)
16   ComponentListItems                                 isrt.obl(component.obs)
17   ComponentSelectItem                                isrt.obl(component.obs)
18   ComponentSetupTypeEnum                             isrt.obl(component.obs)
19   ComponentSetupTypeGetData                          isrt.obl(component.obs)
20   ComponentSetupTypeSet                              isrt.obl(component.obs)
21   ComponentTreeInit                                  isrt.obl(Dialogs.obs)
22   CopyFile                                           isrt.obl(Files.obs)
23   CreateDir                                          isrt.obl(Files.obs)
24   CreateFile                                         isrt.obl(Files.obs)
25   CreateInstallationInfo                             isrt.obl(Registry.obs)
26   CreateProgramFolder                                isrt.obl(Shell.obs)
27   CreateRegistrySet                                  isrt.obl(Feature.obs)
28   CreateShellObjects                                 isrt.obl(Feature.obs)
29   CtrlGetCurSel                                      isrt.obl(CustomDialog.obs)
30   CtrlGetState                                       isrt.obl(CustomDialog.obs)
31   CtrlGetSubCommand                                  isrt.obl(CustomDialog.obs)
32   CtrlGetText                                        isrt.obl(CustomDialog.obs)
33   CtrlSelectText                                     isrt.obl(CustomDialog.obs)
34   CtrlSetCurSel                                      isrt.obl(CustomDialog.obs)
35   CtrlSetList                                        isrt.obl(CustomDialog.obs)
36   CtrlSetMLEText                                     isrt.obl(CustomDialog.obs)
37   CtrlSetState                                       isrt.obl(CustomDialog.obs)
38   CtrlSetText                                        isrt.obl(CustomDialog.obs)
39   DIFxDriverPackageUninstall                         isrt.obl(ISDIFx.obs)
40   DRMINSTALLERPRO.DRMInstallPRO                      isrt.obl(Activation.obs)
41   DRMINSTALLERPRO.DRMUnInstallPRO                    isrt.obl(Activation.obs)
42   DefineDialog                                       isrt.obl(CustomDialog.obs)
43   Delay                                              isrt.obl(Misc.obs)
44   DeleteFile                                         isrt.obl(Files.obs)
45   DeleteSingleFile                                   isrt.obl(Files.obs)
46   DialogSetDefaultFont                               isrt.obl(Dialogs.obs)
47   DialogSetFont                                      isrt.obl(Dialogs.obs)
48   DialogSetInfo                                      isrt.obl(Dialogs.obs)
49   Disable                                            isrt.obl(Enable.obs)
50   DllSizeOf                                          isrt.obl(Str.obs)
51   Do                                                 isrt.obl(Misc.obs)
52   Enable                                             isrt.obl(Enable.obs)
53   EndCurrentDialog                                   isrt.obl(Dialogs.obs)
54   EndDialog                                          isrt.obl(CustomDialog.obs)
55   EnterDisk                                          isrt.obl(EnterDisk.obs)
56   EnterPassword                                      isrt.obl(EnterPasswordDlg.obs)
57   ExistsDir                                          isrt.obl(Files.obs)
58   ExistsDisk                                         isrt.obl(Files.obs)
59   ExitInstall                                        isrt.obl(Driver.obs)
60   EzDefineDialog                                     isrt.obl(CustomDialog.obs)
61   FeatureAddFileToLog                                isrt.obl(Feature.obs)
62   FeatureCompareSizeRequired                         isrt.obl(Feature.obs)
63   FeatureErrorInfo                                   isrt.obl(Feature.obs)
64   FeatureFilterLanguage                              isrt.obl(Feature.obs)
65   FeatureFilterOS                                    isrt.obl(Feature.obs)
66   FeatureIsItemSelected                              isrt.obl(Feature.obs)
67   FeatureListItems                                   isrt.obl(Feature.obs)
68   FeaturePatch                                       isrt.obl(Feature.obs)
69   FeatureReinstall                                   isrt.obl(Feature.obs)
70   FeatureRemoveAll                                   isrt.obl(Feature.obs)
71   FeatureRemoveAllInLogOnly                          isrt.obl(Feature.obs)
72   FeatureRemoveAllInMedia                            isrt.obl(Feature.obs)
73   FeatureRemoveAllInMediaAndLog                      isrt.obl(Feature.obs)
74   FeatureSaveTarget                                  isrt.obl(Feature.obs)
75   FeatureSelectItem                                  isrt.obl(Feature.obs)
76   FeatureSelectNew                                   isrt.obl(Feature.obs)
77   FeatureSetupTypeEnum                               isrt.obl(Feature.obs)
78   FeatureSetupTypeGetData                            isrt.obl(Feature.obs)
79   FeatureSetupTypeSet                                isrt.obl(Feature.obs)
80   FeatureTransferData                                isrt.obl(Feature.obs)
81   FeatureValidate                                    isrt.obl(Feature.obs)
82   FinalConstruct                                     ifx.obl(EventsPriv.obs)
83   FinalRelease                                       ifx.obl(EventsPriv.obs)
84   FindFile                                           isrt.obl(Files.obs)
85   FormatMessage                                      isrt.obl(Misc.obs)
86   GDI32.AddFontResource                              ifx.obl(EventsPriv.obs)
87   GDI32.CreateRectRgn                                ifx.obl(EventsPriv.obs)
88   GDI32.GetDeviceCaps                                ifx.obl(EventsPriv.obs)
89   GDI32.RemoveFontResource                           ifx.obl(EventsPriv.obs)
90   GetAddRemove                                       isrt.obl(SysVars.obs)
91   GetBillboard                                       isrt.obl(SysVars.obs)
92   GetByte                                            isrt.obl(Str.obs)
93   GetCmdLine                                         isrt.obl(SysVars.obs)
94   GetCurrentDialogName                               isrt.obl(Dialogs.obs)
95   GetCurrentDir                                      isrt.obl(Files.obs)
96   GetDialogTitle                                     isrt.obl(Dialogs.obs)
97   GetDir                                             isrt.obl(Str.obs)
98   GetDisk                                            isrt.obl(Str.obs)
99   GetDiskSpace                                       isrt.obl(GSI.obs)
100  GetDiskSpaceEx                                     isrt.obl(GSI.obs)
101  GetEnabledIServices                                isrt.obl(SysVars.obs)
102  GetErrorMsg                                        isrt.obl(Dialogs.obs)
103  GetErrorTitle                                      isrt.obl(Dialogs.obs)
104  GetExtents                                         isrt.obl(GSI.obs)
105  GetFolderApplications                              isrt.obl(SysVars.obs)
106  GetFolderApplications64                            isrt.obl(SysVars.obs)
107  GetFolderDesktop                                   isrt.obl(SysVars.obs)
108  GetFolderDotNet10                                  isrt.obl(SysVars.obs)
109  GetFolderDotNet11                                  isrt.obl(SysVars.obs)
110  GetFolderDotNet20                                  isrt.obl(SysVars.obs)
111  GetFolderFonts                                     isrt.obl(SysVars.obs)
112  GetFolderPrograms                                  isrt.obl(SysVars.obs)
113  GetISRes                                           isrt.obl(SysVars.obs)
114  GetInstallScriptMSI                                isrt.obl(SysVars.obs)
115  GetInstallScriptMSIEEUI                            isrt.obl(SysVars.obs)
116  GetInstanceGUID                                    isrt.obl(SysVars.obs)
117  GetKeyPathWinCurrVerAuto                           isrt.obl(SysVars.obs)
118  GetLog                                             isrt.obl(SysVars.obs)
119  GetLogEx                                           isrt.obl(SysVars.obs)
120  GetMaintOption                                     isrt.obl(SysVars.obs)
121  GetMaintenance                                     isrt.obl(SysVars.obs)
122  GetMultiInstanceCount                              isrt.obl(SysVars.obs)
123  GetOpenFileMode                                    isrt.obl(Files.obs)
124  GetPackageLocation                                 isrt.obl(SysVars.obs)
125  GetProductGUID                                     isrt.obl(SysVars.obs)
126  GetProfSectionKeyCount                             isrt.obl(Profile.obs)
127  GetProfString                                      isrt.obl(Profile.obs)
128  GetProfStringList                                  isrt.obl(Profile.obs)
129  GetProgramFiles                                    isrt.obl(SysVars.obs)
130  GetReinstallMode                                   isrt.obl(SysVars.obs)
131  GetRemoveAllMode                                   isrt.obl(SysVars.obs)
132  GetRemoveOnly                                      isrt.obl(SysVars.obs)
133  GetSelectedLanguage                                isrt.obl(SysVars.obs)
134  GetShowPasswordDialog                              isrt.obl(SysVars.obs)
135  GetSupportDir                                      isrt.obl(SysVars.obs)
136  GetSystemInfo                                      isrt.obl(GSI.obs)
137  GetTempFolder                                      isrt.obl(SysVars.obs)
138  GetTrueTypeFontFileInfo                            isrt.obl(Misc.obs)
139  GetUserSelectableAuto                              isrt.obl(SysVars.obs)
140  GetWinDir                                          isrt.obl(SysVars.obs)
141  GetWinSysDir                                       isrt.obl(SysVars.obs)
142  GetWindowHandle                                    isrt.obl(Misc.obs)
143  HIBYTE                                             isrt.obl(Misc.obs)
144  HIWORD                                             isrt.obl(Misc.obs)
145  ISDeterminePlatform                                isrt.obl(OsInfo.obs)
146  ISMIF32.InstallStatusMIF                           isrt.obl(MIF.obs)
147  ISRT.AddIcon                                       isrt.obl(Shell.obs)
148  ISRT.ComponentViewSetInfoEx                        isrt.obl(Dialogs.obs)
149  ISRT.CreateFolder                                  isrt.obl(Shell.obs)
150  ISRT.EnableHourGlass                               isrt.obl(Enable.obs)
151  ISRT.GetCPUType                                    isrt.obl(GSI.obs)
152  ISRT.GetFontSub                                    isrt.obl(Dialogs.obs)
153  ISRT.GetHandle                                     Setup.obs
154  ISRT.GetPorts                                      isrt.obl(GSI.obs)
155  ISRT.IsEmpty                                       Setup.obs
156  ISRT.IsNTAdmin                                     isrt.obl(Is.obs)
157  ISRT.IsObject                                      Setup.obs
158  ISRT.IsPowerUser                                   isrt.obl(Is.obs)
159  ISRT.LangLoadString                                isrt.obl(SDINT.obs)
160  ISRT.MessageBeepP                                  Setup.obs
161  ISRT.PathCompactPathPixel                          isrt.obl(CustomDialog.obs)
162  ISRT.PathGetDir                                    isrt.obl(Str.obs)
163  ISRT.PathGetDrive                                  isrt.obl(Str.obs)
164  ISRT.PathGetFile                                   isrt.obl(Files.obs)
165  ISRT.PathGetFileExt                                isrt.obl(Str.obs)
166  ISRT.PathGetFileName                               isrt.obl(Str.obs)
167  ISRT.PathGetLongFromShort                          isrt.obl(Str.obs)
168  ISRT.PathGetPath                                   isrt.obl(Str.obs)
169  ISRT.PathIsValidSyntax                             isrt.obl(Is.obs)
170  ISRT.ShowFolder                                    isrt.obl(Shell.obs)
171  ISRT.VerGetFileVersion                             Setup.obs
172  ISRT._AppSearch                                    Setup.obs
173  ISRT._BrowseForFolder                              isrt.obl(SelectDir.obs)
174  ISRT._CCPSearch                                    Setup.obs
175  ISRT._CleanupInet                                  isrt.obl(MIO.obs)
176  ISRT._CloseFile                                    isrt.obl(Files.obs)
177  ISRT._CmdGetHwndDlg                                isrt.obl(CustomDialog.obs)
178  ISRT._CompareDWORD                                 isrt.obl(Extend.obs)
179  ISRT._ComponentCompareSizeRequired                 isrt.obl(Feature.obs)
180  ISRT._ComponentErrorInfo                           isrt.obl(Feature.obs)
181  ISRT._ComponentFilterLanguage                      isrt.obl(Feature.obs)
182  ISRT._ComponentFilterOS                            isrt.obl(Feature.obs)
183  ISRT._ComponentIsItemSelected                      isrt.obl(Feature.obs)
184  ISRT._ComponentListItems                           isrt.obl(Feature.obs)
185  ISRT._ComponentPatch                               isrt.obl(Feature.obs)
186  ISRT._ComponentReinstall                           isrt.obl(Feature.obs)
187  ISRT._ComponentRemoveAll                           isrt.obl(Feature.obs)
188  ISRT._ComponentRemoveAllInLogOnly                  isrt.obl(Feature.obs)
189  ISRT._ComponentSaveTarget                          isrt.obl(Feature.obs)
190  ISRT._ComponentSelectItem                          isrt.obl(Feature.obs)
191  ISRT._ComponentSelectNew                           isrt.obl(Feature.obs)
192  ISRT._ComponentSetupTypeEnum                       isrt.obl(Feature.obs)
193  ISRT._ComponentSetupTypeGetData                    isrt.obl(Feature.obs)
194  ISRT._ComponentSetupTypeSet                        isrt.obl(Feature.obs)
195  ISRT._ComponentTransferData                        isrt.obl(Feature.obs)
196  ISRT._ComponentValidate                            isrt.obl(Feature.obs)
197  ISRT._CreateDir                                    isrt.obl(Files.obs)
198  ISRT._CreateRegistrySet                            isrt.obl(Feature.obs)
199  ISRT._CreateShellObjects                           isrt.obl(Feature.obs)
200  ISRT._CtrlGetSubCommand                            isrt.obl(CustomDialog.obs)
201  ISRT._CtrlSetMLERichText                           isrt.obl(CustomDialog.obs)
202  ISRT._DIFxDriverPackageUninstall                   isrt.obl(ISDIFx.obs)
203  ISRT._DefineDialog                                 isrt.obl(CustomDialog.obs)
204  ISRT._DialogSetFont                                isrt.obl(Dialogs.obs)
205  ISRT._DisableStatus                                isrt.obl(Enable.obs)
206  ISRT._DoSprintf                                    isrt.obl(MsgBox.obs)
207  ISRT._EnableDialogCache                            isrt.obl(Enable.obs)
208  ISRT._EnablePrevDialog                             isrt.obl(AskDestPathDlg.obs)
209  ISRT._EnableSkins                                  isrt.obl(Enable.obs)
210  ISRT._EnableStatus                                 isrt.obl(Enable.obs)
211  ISRT._EnableWow64FsRedirection                     isrt.obl(Enable.obs)
212  ISRT._EndDialog                                    isrt.obl(CustomDialog.obs)
213  ISRT._ExistsDir                                    isrt.obl(Files.obs)
214  ISRT._ExistsDisk                                   isrt.obl(Files.obs)
215  ISRT._ExistsFile                                   isrt.obl(Files.obs)
216  ISRT._ExitInstall                                  Setup.obs
217  ISRT._FileCopy                                     isrt.obl(Files.obs)
218  ISRT._GetByte                                      isrt.obl(Str.obs)
219  ISRT._GetCurrentDialogName                         isrt.obl(Dialogs.obs)
220  ISRT._GetDiskSpaceEx                               isrt.obl(GSI.obs)
221  ISRT._GetGlobalMemorySize                          isrt.obl(GSI.obs)
222  ISRT._GetProcessorInfo                             isrt.obl(OsInfo.obs)
223  ISRT._GetRunningChildProcessEx                     isrt.obl(Extend.obs)
224  ISRT._GetSupportDir                                isrt.obl(SysVars.obs)
225  ISRT._GetTrueTypeFontFileInfo                      isrt.obl(Misc.obs)
226  ISRT._InetEndofTransfer                            isrt.obl(iftw.obs)
227  ISRT._InetGetNextDisk                              isrt.obl(iftw.obs)
228  ISRT._InitInstall                                  Setup.obs
229  ISRT._IsFontTypefaceNameAvailable                  isrt.obl(Is.obs)
230  ISRT._IsInAdminGroup                               isrt.obl(Is.obs)
231  ISRT._IsSkinLoaded                                 isrt.obl(Is.obs)
232  ISRT._IsWindowsME                                  isrt.obl(GSI.obs)
233  ISRT._IsWow64                                      isrt.obl(OsInfo.obs)
234  ISRT._ListAddItem                                  isrt.obl(scrlist.obs)
235  ISRT._ListAddString                                isrt.obl(scrlist.obs)
236  ISRT._ListCount                                    isrt.obl(scrlist.obs)
237  ISRT._ListCreate                                   isrt.obl(scrlist.obs)
238  ISRT._ListCurrentString                            isrt.obl(scrlist.obs)
239  ISRT._ListDeleteItem                               isrt.obl(scrlist.obs)
240  ISRT._ListDeleteString                             isrt.obl(scrlist.obs)
241  ISRT._ListDestroy                                  isrt.obl(scrlist.obs)
242  ISRT._ListFindString                               isrt.obl(scrlist.obs)
243  ISRT._ListGetFirstItem                             isrt.obl(scrlist.obs)
244  ISRT._ListGetFirstString                           isrt.obl(scrlist.obs)
245  ISRT._ListGetNextItem                              isrt.obl(scrlist.obs)
246  ISRT._ListGetNextString                            isrt.obl(scrlist.obs)
247  ISRT._ListGetType                                  isrt.obl(scrlist.obs)
248  ISRT._ListReadFromFile                             isrt.obl(scrlist.obs)
249  ISRT._ListSetIndex                                 isrt.obl(scrlist.obs)
250  ISRT._MediaGetInfo                                 isrt.obl(Feature.obs)
251  ISRT._OnUninstPriv                                 Setup.obs
252  ISRT._OpenFile                                     isrt.obl(Files.obs)
253  ISRT._Preprogram                                   Setup.obs
254  ISRT._Rebooted                                     Setup.obs
255  ISRT._RegCreateKey                                 isrt.obl(Registry.obs)
256  ISRT._RegDeleteValue                               isrt.obl(Registry.obs)
257  ISRT._RegEnableTextSubs                            isrt.obl(Enable.obs)
258  ISRT._RegEnum                                      isrt.obl(Registry.obs)
259  ISRT._RegGetOptions                                isrt.obl(SysVars.obs)
260  ISRT._RegIsRemoteRegConnected                      isrt.obl(Is.obs)
261  ISRT._RegQueryKeyBinaryValue                       isrt.obl(Registry.obs)
262  ISRT._RegQueryKeyValue                             isrt.obl(Registry.obs)
263  ISRT._RegSetKeyBinaryValue                         isrt.obl(Registry.obs)
264  ISRT._RegSetKeyValue                               isrt.obl(Registry.obs)
265  ISRT._RegSetOptions                                isrt.obl(SysVars.obs)
266  ISRT._ReleaseDialog                                isrt.obl(CustomDialog.obs)
267  ISRT._SdShowMsg                                    isrt.obl(SDSMSG.obs)
268  ISRT._SetAltMainImage                              isrt.obl(Dialogs.obs)
269  ISRT._SetDisplayEffect                             isrt.obl(ui.obs)
270  ISRT._SetPaletteFile                               isrt.obl(MIO.obs)
271  ISRT._SetSilentSdShowMsg                           isrt.obl(Enable.obs)
272  ISRT._SetTitle                                     isrt.obl(ui.obs)
273  ISRT._SetupInet                                    isrt.obl(MIO.obs)
274  ISRT._SetupTraceWrite                              isrt.obl(Misc.obs)
275  ISRT._ShowObjWizardPages                           isrt.obl(Objects.obs)
276  ISRT._ShowWizardPages                              Setup.obs
277  ISRT._StatusUpdate                                 isrt.obl(ui.obs)
278  ISRT._WaitOnDialog                                 isrt.obl(CustomDialog.obs)
279  ISRT._WriteLine                                    isrt.obl(Files.obs)
280  ISRT.__CreateObjectContext                         isrt.obl(ISRTInit.obs)
281  ISRT.__GetCmdLineOptions                           isrt.obl(ISRTInit.obs)
282  ISRT.__GetContextGUID                              isrt.obl(ISRTInit.obs)
283  ISRT.__GetEnabledIServices                         isrt.obl(SysVars.obs)
284  ISRT.__GetFileRegistrar                            isrt.obl(ISRTInit.obs)
285  ISRT.__GetInfo                                     isrt.obl(ISRTInit.obs)
286  ISRT.__GetInstallGuid                              isrt.obl(SysVars.obs)
287  ISRT.__GetLog                                      isrt.obl(SysVars.obs)
288  ISRT.__GetLogDB                                    isrt.obl(ISRTInit.obs)
289  ISRT.__GetLogEx                                    isrt.obl(SysVars.obs)
290  ISRT.__GetMainWindow                               Setup.obs
291  ISRT.__GetMaintOption                              isrt.obl(SysVars.obs)
292  ISRT.__GetMaintenanceMode                          isrt.obl(SysVars.obs)
293  ISRT.__GetObjects                                  isrt.obl(ISRTInit.obs)
294  ISRT.__GetProductGuid                              isrt.obl(SysVars.obs)
295  ISRT.__GetProgress                                 Setup.obs
296  ISRT.__GetReboot                                   isrt.obl(ISRTInit.obs)
297  ISRT.__GetReinstallMode                            isrt.obl(SysVars.obs)
298  ISRT.__GetRemoveAllMode                            isrt.obl(SysVars.obs)
299  ISRT.__GetTextSub                                  isrt.obl(ISRTInit.obs)
300  ISRT.__GetUpdateMode                               isrt.obl(SysVars.obs)
301  ISRT.__GetUser                                     isrt.obl(MIO.obs)
302  ISRT.__ISRTGetPropertyBag                          ifx.obl(PersistPropertyBag.obs)
303  ISRT.__ISRTReleasePropertyBag                      ifx.obl(PersistPropertyBag.obs)
304  ISRT.__LoadString                                  isrt.obl(LoadStr.obs)
305  ISRT.__PutEnabledIServices                         isrt.obl(Enable.obs)
306  ISRT.__ReleaseObjectContext                        isrt.obl(ISRTInit.obs)
307  ISRT.__RestoreMainLog                              isrt.obl(ISRTInit.obs)
308  ISRT.__RestoreMainLogEx                            isrt.obl(ISRTInit.obs)
309  ISRT.__SetComponentLog                             isrt.obl(ISRTInit.obs)
310  ISRT.__SetUpdateMode                               isrt.obl(SysVars.obs)
311  ISRTHandleScriptException                          isrt.obl(Misc.obs)
312  ISRTOnUninstPriv                                   isrt.obl(Driver.obs)
313  ISRTPreprogram                                     isrt.obl(Driver.obs)
314  IfxFilterComponents                                ifx.obl(EventsSetupPriv.obs)
315  IfxFinalConstruct                                  ifx.obl(EventsSetupPriv.obs)
316  IfxFinalRelease                                    ifx.obl(EventsSetupPriv.obs)
317  IfxInitProperties                                  ifx.obl(PersistPropertyBag.obs)
318  IfxOnAbortInstall                                  ifx.obl(EventsPriv.obs)
319  IfxOnAppSearch                                     ifx.obl(EventsPriv.obs)
320  IfxOnCCPSearch                                     ifx.obl(EventsPriv.obs)
321  IfxOnCanceling                                     ifx.obl(EventsPriv.obs)
322  IfxOnDisk1Installed                                ifx.obl(EventsSetupPriv.obs)
323  IfxOnDisk1Installing                               ifx.obl(EventsSetupPriv.obs)
324  IfxOnExitInstall                                   ifx.obl(EventsSetupPriv.obs)
325  IfxOnFileError                                     ifx.obl(EventsSetupPriv.obs)
326  IfxOnFileLocked                                    ifx.obl(EventsSetupPriv.obs)
327  IfxOnFileReadOnly                                  ifx.obl(EventsSetupPriv.obs)
328  IfxOnGeneralScriptOp                               ifx.obl(EventsPriv.obs)
329  IfxOnHelp                                          ifx.obl(EventsPriv.obs)
330  IfxOnInitInstall                                   ifx.obl(EventsSetupPriv.obs)
331  IfxOnInternetError                                 ifx.obl(EventsSetupPriv.obs)
332  IfxOnMD5Error                                      ifx.obl(EventsSetupPriv.obs)
333  IfxOnNextDisk                                      ifx.obl(EventsSetupPriv.obs)
334  IfxOnRebooted                                      ifx.obl(EventsPriv.obs)
335  IfxOnRemovingSharedFile                            ifx.obl(EventsSetupPriv.obs)
336  IfxOnShowWizardPages                               ifx.obl(EventsSetupPriv.obs)
337  IfxOnTransferred                                   ifx.obl(EventsPriv.obs)
338  IfxOnTransferring                                  ifx.obl(EventsSetupPriv.obs)
339  IfxOnUnhandledException                            ifx.obl(EventsPriv.obs)
340  IfxOnUninst                                        ifx.obl(EventsSetupPriv.obs)
341  IfxOnUninstPriv                                    ifx.obl(EventsSetupPriv.obs)
342  IfxPostprogram                                     ifx.obl(EventsSetupPriv.obs)
343  IfxPreprogram                                      ifx.obl(EventsSetupPriv.obs)
344  IfxReadProperties                                  ifx.obl(PersistPropertyBag.obs)
345  IfxRunAfterReboot                                  ifx.obl(EventsSetupPriv.obs)
346  IfxWriteProperties                                 ifx.obl(PersistPropertyBag.obs)
347  InetEndofTransfer                                  isrt.obl(iftw.obs)
348  InetNextDisk                                       isrt.obl(iftw.obs)
349  InitInstall                                        isrt.obl(Driver.obs)
350  InitProperties                                     ifx.obl(PersistPropertyBag.obs)
351  Is                                                 isrt.obl(Is.obs)
352  IsInetInstall                                      isrt.obl(iftw.obs)
353  KERNEL.GetModuleHandle                             Setup.obs
354  KERNEL32.CloseHandle                               ifx.obl(EventsPriv.obs)
355  KERNEL32.CreateFileA                               ifx.obl(EventsPriv.obs)
356  KERNEL32.CreateProcess                             ifx.obl(EventsPriv.obs)
357  KERNEL32.DeleteFileA                               ifx.obl(EventsPriv.obs)
358  KERNEL32.FindClose                                 ifx.obl(EventsPriv.obs)
359  KERNEL32.FindFirstFileA                            ifx.obl(EventsPriv.obs)
360  KERNEL32.FindNextFileA                             ifx.obl(EventsPriv.obs)
361  KERNEL32.FormatMessageA                            ifx.obl(EventsPriv.obs)
362  KERNEL32.FreeLibrary                               ifx.obl(EventsPriv.obs)
363  KERNEL32.GetCurrentDirectoryA                      ifx.obl(EventsPriv.obs)
364  KERNEL32.GetDriveType                              ifx.obl(EventsPriv.obs)
365  KERNEL32.GetExitCodeProcess                        ifx.obl(EventsPriv.obs)
366  KERNEL32.GetFileAttributesA                        ifx.obl(EventsPriv.obs)
367  KERNEL32.GetLocalTime                              ifx.obl(EventsPriv.obs)
368  KERNEL32.GetLocaleInfo                             ifx.obl(EventsPriv.obs)
369  KERNEL32.GetPrivateProfileSectionA                 ifx.obl(EventsPriv.obs)
370  KERNEL32.GetPrivateProfileString                   ifx.obl(EventsPriv.obs)
371  KERNEL32.GetPrivateProfileStringA                  ifx.obl(EventsPriv.obs)
372  KERNEL32.GetProcAddress                            ifx.obl(EventsPriv.obs)
373  KERNEL32.GetProcessId                              ifx.obl(EventsPriv.obs)
374  KERNEL32.GetProfileStringA                         ifx.obl(EventsPriv.obs)
375  KERNEL32.GetSystemDefaultLCID                      ifx.obl(EventsPriv.obs)
376  KERNEL32.GetSystemDefaultLangID                    ifx.obl(EventsPriv.obs)
377  KERNEL32.GetSystemDefaultUILanguage                ifx.obl(EventsPriv.obs)
378  KERNEL32.GetTickCount                              ifx.obl(EventsPriv.obs)
379  KERNEL32.GetUserDefaultLangID                      ifx.obl(EventsPriv.obs)
380  KERNEL32.GetVersion                                ifx.obl(EventsPriv.obs)
381  KERNEL32.GetVersionEx                              ifx.obl(EventsPriv.obs)
382  KERNEL32.GetVolumeInformation                      ifx.obl(EventsPriv.obs)
383  KERNEL32.GetWindowsDirectory                       ifx.obl(EventsPriv.obs)
384  KERNEL32.LoadLibraryA                              ifx.obl(EventsPriv.obs)
385  KERNEL32.SetCurrentDirectoryA                      ifx.obl(EventsPriv.obs)
386  KERNEL32.SetFileAttributesA                        ifx.obl(EventsPriv.obs)
387  KERNEL32.Sleep                                     ifx.obl(EventsPriv.obs)
388  KERNEL32.WritePrivateProfileString                 ifx.obl(EventsPriv.obs)
389  KERNEL32.WritePrivateProfileStringA                ifx.obl(EventsPriv.obs)
390  KERNEL32.WriteProfileStringA                       ifx.obl(EventsPriv.obs)
391  KERNEL32.lstrlen                                   ifx.obl(EventsPriv.obs)
392  Kernel32.GetACP                                    Setup.obs
393  LOBYTE                                             isrt.obl(Misc.obs)
394  LOWORD                                             isrt.obl(Misc.obs)
395  LaunchAppAndWait                                   isrt.obl(Extend.obs)
396  LaunchAppAndWaitInitStartupInfo                    isrt.obl(Extend.obs)
397  LaunchApplication                                  isrt.obl(Extend.obs)
398  LaunchApplicationInit                              isrt.obl(Extend.obs)
399  ListAddItem                                        isrt.obl(scrlist.obs)
400  ListAddString                                      isrt.obl(scrlist.obs)
401  ListCount                                          isrt.obl(scrlist.obs)
402  ListCreate                                         isrt.obl(scrlist.obs)
403  ListCurrentString                                  isrt.obl(scrlist.obs)
404  ListDeleteItem                                     isrt.obl(scrlist.obs)
405  ListDeleteString                                   isrt.obl(scrlist.obs)
406  ListDestroy                                        isrt.obl(scrlist.obs)
407  ListFindString                                     isrt.obl(scrlist.obs)
408  ListGetFirstItem                                   isrt.obl(scrlist.obs)
409  ListGetFirstString                                 isrt.obl(scrlist.obs)
410  ListGetNextItem                                    isrt.obl(scrlist.obs)
411  ListGetNextString                                  isrt.obl(scrlist.obs)
412  ListGetType                                        isrt.obl(scrlist.obs)
413  ListReadFromFile                                   isrt.obl(scrlist.obs)
414  ListSetIndex                                       isrt.obl(scrlist.obs)
415  ListValid                                          isrt.obl(scrlist.obs)
416  ListValidType                                      isrt.obl(scrlist.obs)
417  LoadStringFromStringTable                          isrt.obl(Str.obs)
418  LogReadCustomString                                isrt.obl(Misc.obs)
419  LogReadCustomVariant                               isrt.obl(Misc.obs)
420  LogWriteCustomString                               isrt.obl(Misc.obs)
421  LogWriteCustomVariant                              isrt.obl(Misc.obs)
422  LongPathFromShortPath                              isrt.obl(Str.obs)
423  LongPathToQuote                                    isrt.obl(Str.obs)
424  MAKELONG                                           isrt.obl(Misc.obs)
425  MIFCreateMIFFile                                   isrt.obl(MIF.obs)
426  MIFDeleteMIFFile                                   isrt.obl(MIF.obs)
427  MIFInitialize                                      isrt.obl(MIF.obs)
428  MIFSetInformation                                  isrt.obl(MIF.obs)
429  MIFUnInitialize                                    isrt.obl(MIF.obs)
430  MIFWasSetInformationCalled                         isrt.obl(MIF.obs)
431  MIOShutdown                                        isrt.obl(MIO.obs)
432  MIOStartup                                         isrt.obl(MIO.obs)
433  MaintenanceStart                                   isrt.obl(Registry.obs)
434  MediaGetData                                       isrt.obl(Feature.obs)
435  MediaGetDataEx                                     isrt.obl(Feature.obs)
436  MessageBeep                                        isrt.obl(Misc.obs)
437  MessageBox                                         isrt.obl(MsgBox.obs)
438  MessageBoxEx                                       isrt.obl(MsgBox.obs)
439  ODBC_Installing                                    Setup.obs
440  OLEDB_Installed                                    Setup.obs
441  OLEDB_UnInstalling                                 Setup.obs
442  OnAbort                                            ifx.obl(EventsSetup.obs)
443  OnAppSearch                                        ifx.obl(EventsSetup.obs)
444  OnBegin                                            ifx.obl(EventsSetup.obs)
445  OnCCPSearch                                        ifx.obl(EventsSetup.obs)
446  OnCanceling                                        ifx.obl(EventsSetup.obs)
447  OnCheckMediaPassword                               ifx.obl(EventsSetup.obs)
448  OnComponentError                                   ifx.obl(EventsSetup.obs)
449  OnCustomizeUninstInfo                              ifx.obl(EventsSetup.obs)
450  OnDIFxLogCallback                                  ifx.obl(EventsSetup.obs)
451  OnDIFxLogCallbackImpl                              isrt.obl(ISDIFx.obs)
452  OnEnd                                              ifx.obl(EventsSetup.obs)
453  OnFileError                                        ifx.obl(EventsSetup.obs)
454  OnFileLocked                                       Setup.obs
455  OnFileReadOnly                                     ifx.obl(EventsSetup.obs)
456  OnFilterComponents                                 ifx.obl(EventsSetup.obs)
457  OnFirstUIAfter                                     Setup.obs
458  OnFirstUIBefore                                    Setup.obs
459  OnFirstUIBeforeValueAddedServices                  ifx.obl(EventsSetup.obs)
460  OnHelp                                             ifx.obl(EventsSetup.obs)
461  OnIISAppPoolUninstalling                           ifx.obl(EventsPriv.obs)
462  OnIISCheckRequirements                             ifx.obl(EventsPriv.obs)
463  OnIISComponentInstalled                            ifx.obl(EventsPriv.obs)
464  OnIISInitialize                                    ifx.obl(EventsPriv.obs)
465  OnIISUninitialize                                  ifx.obl(EventsPriv.obs)
466  OnIISVRootUninstalling                             ifx.obl(EventsPriv.obs)
467  OnIISWebServiceExtensionUninstalling               ifx.obl(EventsPriv.obs)
468  OnIISWebSiteUninstalling                           ifx.obl(EventsPriv.obs)
469  OnInstallDRMService                                isrt.obl(Activation.obs)
470  OnInstalledFile                                    ifx.obl(EventsSetup.obs)
471  OnInstalledFontFile                                ifx.obl(EventsSetup.obs)
472  OnInstallingFile                                   ifx.obl(EventsSetup.obs)
473  OnInternetError                                    ifx.obl(EventsSetup.obs)
474  OnLaunchAppAndWaitCallback                         ifx.obl(EventsSetup.obs)
475  OnMD5Error                                         ifx.obl(EventsSetup.obs)
476  OnMaintUIAfter                                     Setup.obs
477  OnMaintUIBefore                                    Setup.obs
478  OnMoveData                                         ifx.obl(EventsSetup.obs)
479  OnMoved                                            ifx.obl(EventsSetup.obs)
480  OnMoving                                           Setup.obs
481  OnNetApiCreateUserAccount                          ifx.obl(EventsSetup.obs)
482  OnNetApiCreateUserAccountInternal                  isrt.obl(NetApiRT.obs)
483  OnNextDisk                                         ifx.obl(EventsSetup.obs)
484  OnRebooted                                         ifx.obl(EventsSetup.obs)
485  OnRemovingSharedFile                               ifx.obl(EventsSetup.obs)
486  OnSQLBatchScripts                                  ifx.obl(EventsPriv.obs)
487  OnSQLComponentInstalled                            ifx.obl(EventsPriv.obs)
488  OnSQLComponentUninstalled                          ifx.obl(EventsPriv.obs)
489  OnSQLServerInitialize                              ifx.obl(EventsPriv.obs)
490  OnSQLServerInitializeMaint                         ifx.obl(EventsPriv.obs)
491  OnSelfRegistrationError                            ifx.obl(EventsSetup.obs)
492  OnSetTARGETDIR                                     ifx.obl(EventsSetup.obs)
493  OnSetUpdateMode                                    ifx.obl(EventsSetup.obs)
494  OnShowUI                                           ifx.obl(EventsSetup.obs)
495  OnUnInstallDRMService                              isrt.obl(Activation.obs)
496  OnUnhandledException                               ifx.obl(EventsPriv.obs)
497  OnUninstall                                        ifx.obl(EventsSetup.obs)
498  OnUninstalledFile                                  ifx.obl(EventsSetup.obs)
499  OnUninstallingDIFxDriverFile                       ifx.obl(EventsSetup.obs)
500  OnUninstallingFile                                 ifx.obl(EventsSetup.obs)
501  OnUninstallingFontFile                             ifx.obl(EventsSetup.obs)
502  OnUpdateUIAfter                                    ifx.obl(EventsSetup.obs)
503  OnUpdateUIBefore                                   ifx.obl(EventsSetup.obs)
504  OnXMLComponentInstalled                            ifx.obl(EventsPriv.obs)
505  OnXMLComponentUninstalling                         ifx.obl(EventsPriv.obs)
506  OnXMLInitialize                                    ifx.obl(EventsPriv.obs)
507  OnXMLUninitialize                                  ifx.obl(EventsPriv.obs)
508  OpenFileMode                                       isrt.obl(Files.obs)
509  ParsePath                                          isrt.obl(Str.obs)
510  Postprogram                                        ifx.obl(EventsSetupPriv.obs)
511  Preprogram                                         ifx.obl(EventsSetupPriv.obs)
512  ProgGetGroupType                                   isrt.obl(Shell.obs)
513  PthFixPath                                         isrt.obl(Pth.obs)
514  PthIsAbsPath                                       isrt.obl(Pth.obs)
515  ReadProperties                                     ifx.obl(PersistPropertyBag.obs)
516  Rebooted                                           isrt.obl(Driver.obs)
517  RegDBDeleteItem                                    isrt.obl(Registry.obs)
518  RegDBDeleteValue                                   isrt.obl(Registry.obs)
519  RegDBDeleteValueEx                                 isrt.obl(Registry.obs)
520  RegDBDeleteValueEx32                               isrt.obl(Registry.obs)
521  RegDBGetDefaultRoot                                isrt.obl(SysVars.obs)
522  RegDBGetItem                                       isrt.obl(Registry.obs)
523  RegDBGetKeyValueEx                                 isrt.obl(Registry.obs)
524  RegDBQueryKey                                      isrt.obl(Registry.obs)
525  RegDBQueryKeyCount                                 isrt.obl(Registry.obs)
526  RegDBQueryStringMultiStringCount                   isrt.obl(Registry.obs)
527  RegDBQueryValue                                    isrt.obl(Registry.obs)
528  RegDBQueryValue32                                  isrt.obl(Registry.obs)
529  RegDBSetDefaultRoot                                isrt.obl(SysVars.obs)
530  RegDBSetItem                                       isrt.obl(Registry.obs)
531  RegDBSetKeyValueEx                                 isrt.obl(Registry.obs)
532  RegDBSetValue                                      isrt.obl(Registry.obs)
533  RegDBSetValue32                                    isrt.obl(Registry.obs)
534  RegDBSetVersion                                    isrt.obl(Registry.obs)
535  RegisterFontResource                               isrt.obl(Misc.obs)
536  ReleaseDialog                                      isrt.obl(CustomDialog.obs)
537  SdCloseDlg                                         isrt.obl(SDINT.obs)
538  SdDlgToTop                                         isrt.obl(SDINT.obs)
539  SdDoStdButton                                      isrt.obl(SDINT.obs)
540  SdEnablement                                       isrt.obl(SDINT.obs)
541  SdError                                            isrt.obl(SDINT.obs)
542  SdExceptionsInit                                   isrt.obl(SdExceptions.obs)
543  SdFinish                                           isrt.obl(SdFinishDlg.obs)
544  SdFinishReboot                                     isrt.obl(SdFinishRebootDlg.obs)
545  SdGeneralInit                                      isrt.obl(SDINT.obs)
546  SdInit                                             isrt.obl(SDINT.obs)
547  SdInstallYahooToolbar                              isrt.obl(ISYahooToolbar.obs)
548  SdIsStdButton                                      isrt.obl(SDINT.obs)
549  SdLoadString                                       isrt.obl(SDINT.obs)
550  SdMakeName                                         isrt.obl(SDINT.obs)
551  SdPlugInProductName                                isrt.obl(SDINT.obs)
552  SdSetDlgTitle                                      isrt.obl(SDINT.obs)
553  SdSetStatic                                        isrt.obl(SDINT.obs)
554  SdSetupTypeEx                                      isrt.obl(SdSetupTypeExDlg.obs)
555  SdShowMsg                                          isrt.obl(SDSMSG.obs)
556  SdStartCopy                                        isrt.obl(SdStartCopyDlg.obs)
557  SdSubstituteProductInfo                            isrt.obl(SDINT.obs)
558  SdUnInit                                           isrt.obl(SDINT.obs)
559  SdWelcome                                          isrt.obl(SdWelcomeDlg.obs)
560  SelectDir                                          isrt.obl(SelectDir.obs)
561  SelectDirNoLog                                     isrt.obl(SelectDir.obs)
562  SendMessage                                        isrt.obl(Misc.obs)
563  ServiceInitParams                                  isrt.obl(Service.obs)
564  SetCmdLine                                         isrt.obl(SysVars.obs)
565  SetDialogTitle                                     isrt.obl(Dialogs.obs)
566  SetDisplayEffect                                   isrt.obl(ui.obs)
567  SetExtendedErrInfo                                 isrt.obl(IsUtil.obs)
568  SetStatus                                          ifx.obl(EventsSetupPriv.obs)
569  SetStatusEx                                        ifx.obl(EventsSetupPriv.obs)
570  SetStatusExStaticText                              isrt.obl(ui.obs)
571  SetStatusWindow                                    isrt.obl(ui.obs)
572  SetTitle                                           isrt.obl(ui.obs)
573  SetupTraceWrite                                    isrt.obl(Misc.obs)
574  Shell32.SHGetSpecialFolderPathA                    Setup.obs
575  Shell32.ShellExecuteEx                             ifx.obl(EventsPriv.obs)
576  ShowObjWizardPages                                 isrt.obl(Objects.obs)
577  ShowProgramFolder                                  isrt.obl(Shell.obs)
578  ShowWizardPages                                    isrt.obl(Driver.obs)
579  SilentCreateFile                                   isrt.obl(Silent.obs)
580  SilentDoGeneralInfo                                isrt.obl(Silent.obs)
581  SilentFailed                                       isrt.obl(Silent.obs)
582  SilentFinish                                       isrt.obl(Silent.obs)
583  SilentInit                                         isrt.obl(Silent.obs)
584  SilentLogWriteData                                 isrt.obl(Silent.obs)
585  SilentReadData                                     isrt.obl(Silent.obs)
586  SilentSetInfo                                      isrt.obl(Silent.obs)
587  SilentSetMode                                      isrt.obl(Silent.obs)
588  SilentWriteData                                    isrt.obl(Silent.obs)
589  Sprintf                                            isrt.obl(Str.obs)
590  SprintfBox                                         isrt.obl(MsgBox.obs)
591  StatusUpdate                                       isrt.obl(ui.obs)
592  StrAddLastSlash                                    isrt.obl(Str.obs)
593  StrFindEx                                          isrt.obl(Str.obs)
594  StrGetTokens                                       isrt.obl(Str.obs)
595  StrLength                                          isrt.obl(Str.obs)
596  StrRemoveLastSlash                                 isrt.obl(Str.obs)
597  StrRemoveSpaces                                    isrt.obl(Str.obs)
598  StrReplace                                         isrt.obl(Str.obs)
599  StrToNumHex                                        isrt.obl(Str.obs)
600  StrToUpper                                         isrt.obl(Str.obs)
601  SysVarsInit                                        isrt.obl(SysVars.obs)
602  SysVarsTrace                                       isrt.obl(SysVars.obs)
603  SysVarsUnInit                                      isrt.obl(SysVars.obs)
604  System                                             isrt.obl(Misc.obs)
605  SystemRestoreCancelRestorePointIS                  isrt.obl(PCRestore.obs)
606  SystemRestoreCloseRestorePointIS                   isrt.obl(PCRestore.obs)
607  SystemRestoreDisableIS                             isrt.obl(PCRestore.obs)
608  SystemRestoreIsEnabledIS                           isrt.obl(PCRestore.obs)
609  SystemRestoreOpenRestorePointIS                    isrt.obl(PCRestore.obs)
610  TextSubGetValue                                    isrt.obl(TextSub.obs)
611  TextSubParseTextSub                                isrt.obl(TextSub.obs)
612  TextSubSetValue                                    isrt.obl(TextSub.obs)
613  TextSubSubstitute                                  isrt.obl(TextSub.obs)
614  USER.EnableWindow                                  Setup.obs
615  USER.GetClassName                                  Setup.obs
616  USER.GetDC                                         Setup.obs
617  USER.GetDlgItem                                    Setup.obs
618  USER.GetFocus                                      Setup.obs
619  USER.GetWindowLong                                 Setup.obs
620  USER.IsIconic                                      Setup.obs
621  USER.IsWindow                                      Setup.obs
622  USER.IsWindowVisible                               ifx.obl(EventsPriv.obs)
623  USER.PostMessage                                   Setup.obs
624  USER.ReleaseDC                                     Setup.obs
625  USER.SendMessageA                                  ifx.obl(EventsPriv.obs)
626  USER.SendMessageTimeout                            Setup.obs
627  USER.SetFocus                                      Setup.obs
628  USER.SetForegroundWindow                           ifx.obl(EventsPriv.obs)
629  USER.SetWindowPos                                  Setup.obs
630  USER.SetWindowText                                 Setup.obs
631  USER.ShowWindow                                    Setup.obs
632  USER32.CharUpperBuffA                              ifx.obl(EventsPriv.obs)
633  USER32.DispatchMessage                             ifx.obl(EventsPriv.obs)
634  USER32.GetSystemMetrics                            ifx.obl(EventsPriv.obs)
635  USER32.GetWindowText                               ifx.obl(EventsPriv.obs)
636  USER32.GetWindowTextLength                         ifx.obl(EventsPriv.obs)
637  USER32.InvalidateRect                              ifx.obl(EventsPriv.obs)
638  USER32.MessageBoxA                                 ifx.obl(EventsPriv.obs)
639  USER32.MsgWaitForMultipleObjects                   ifx.obl(EventsPriv.obs)
640  USER32.PeekMessageA                                ifx.obl(EventsPriv.obs)
641  USER32.SendMessageA                                ifx.obl(EventsPriv.obs)
642  USER32.SetWindowLong                               ifx.obl(EventsPriv.obs)
643  USER32.SetWindowRgn                                ifx.obl(EventsPriv.obs)
644  USER32.TranslateMessage                            ifx.obl(EventsPriv.obs)
645  USER32.WaitForInputIdle                            ifx.obl(EventsPriv.obs)
646  UpdateServiceEnableUpdateService                   isrt.obl(ISUpdateService.obs)
647  VarInit                                            isrt.obl(SysVars.obs)
648  VarRestore                                         isrt.obl(SysVars.obs)
649  VarRestoreISRT                                     isrt.obl(SysVars.obs)
650  VarSave                                            isrt.obl(SysVars.obs)
651  VarSaveISRT                                        isrt.obl(SysVars.obs)
652  VerCompare                                         isrt.obl(version.obs)
653  VerProductCompareVersions                          isrt.obl(version.obs)
654  VerProductGetInstalledVersion                      isrt.obl(version.obs)
655  VerProductIsVersionSupported                       isrt.obl(version.obs)
656  VerProductNumToStr                                 isrt.obl(version.obs)
657  VerProductStrToNum                                 isrt.obl(version.obs)
658  VerProductVerFromVerParts                          isrt.obl(version.obs)
659  VerProductVerPartsFromVer                          isrt.obl(version.obs)
660  WaitForApplication                                 isrt.obl(Extend.obs)
661  WaitOnDialog                                       isrt.obl(CustomDialog.obs)
662  WizardDirection                                    ifx.obl(EventsSetupPriv.obs)
663  WriteLine                                          isrt.obl(Files.obs)
664  WriteProfInt                                       isrt.obl(Profile.obs)
665  WriteProfString                                    isrt.obl(Profile.obs)
666  WriteProperties                                    ifx.obl(PersistPropertyBag.obs)
667  YahooGetInstallState                               isrt.obl(ISYahooToolbar.obs)
668  __ISRTDoExit                                       isrt.obl(Misc.obs)
669  __ISRTInit                                         isrt.obl(ISRTInit.obs)
670  __ISRTRestoreMainLog                               isrt.obl(ISRTInit.obs)
671  __ISRTRestoreMainLogEx                             isrt.obl(ISRTInit.obs)
672  __ISRTSetComponentLog                              isrt.obl(ISRTInit.obs)
673  __ISRTUnInit                                       isrt.obl(ISRTInit.obs)
674  __LoadIScriptString                                isrt.obl(LoadStr.obs)
675  cubridmanager_Installing                           Setup.obs
676  kernel32.CloseHandle                               Setup.obs
677  kernel32.CreateProcessA                            Setup.obs
678  kernel32.GetExitCodeProcess                        Setup.obs
679  kernel32.WaitForSingleObject                       Setup.obs
680  program                                            ifx.obl(EventsSetupPriv.obs)
681  sfc.SRSetRestorePoint                              ifx.obl(EventsPriv.obs)


***** External Variables *****
1    ADDREMOVE                                          isrt.obl(DebugSymbols.obs)
2    ADDREMOVE_COMBINEDBUTTON                           Setup.obs
3    ADDREMOVE_HIDECHANGEOPTION                         Setup.obs
4    ADDREMOVE_HIDEREMOVEOPTION                         Setup.obs
5    ADDREMOVE_HIDEREPAIROPTION                         Setup.obs
6    ADDREMOVE_STRING_REMOVEONLY                        Setup.obs
7    ADDREMOVE_SYSTEMCOMPONENT                          Setup.obs
8    ADMINUSER                                          Setup.obs
9    ALLUSERS                                           Setup.obs
10   BASICMSI                                           isrt.obl(DebugSymbols.obs)
11   BATCH_INSTALL                                      Setup.obs
12   CMDLINE                                            isrt.obl(DebugSymbols.obs)
13   COMMONFILES                                        isrt.obl(DebugSymbols.obs)
14   COMMONFILES64                                      isrt.obl(DebugSymbols.obs)
15   DISABLE_ALLUSERBTN                                 Setup.obs
16   DISABLE_PERUSERBTN                                 Setup.obs
17   DISK1SETUPEXENAME                                  isrt.obl(DebugSymbols.obs)
18   DISK1TARGET                                        Setup.obs
19   ENABLED_ISERVICES                                  isrt.obl(DebugSymbols.obs)
20   ENGINECOMMONDIR                                    isrt.obl(DebugSymbols.obs)
21   ENGINEDIR                                          isrt.obl(DebugSymbols.obs)
22   ERRORFILENAME                                      Setup.obs
23   Err                                                Setup.obs
24   FILETIME                                           ifx.obl(EventsPriv.obs)
25   FIND_DATA                                          ifx.obl(EventsPriv.obs)
26   FOLDER_APPDATA                                     isrt.obl(DebugSymbols.obs)
27   FOLDER_COMMON_APPDATA                              isrt.obl(DebugSymbols.obs)
28   FOLDER_DESKTOP                                     isrt.obl(DebugSymbols.obs)
29   FOLDER_DOTNET_10                                   isrt.obl(DebugSymbols.obs)
30   FOLDER_DOTNET_11                                   isrt.obl(DebugSymbols.obs)
31   FOLDER_DOTNET_20                                   isrt.obl(DebugSymbols.obs)
32   FOLDER_DOTNET_30                                   isrt.obl(DebugSymbols.obs)
33   FOLDER_DOTNET_35                                   isrt.obl(DebugSymbols.obs)
34   FOLDER_FONTS                                       isrt.obl(DebugSymbols.obs)
35   FOLDER_LOCAL_APPDATA                               isrt.obl(DebugSymbols.obs)
36   FOLDER_PERSONAL                                    isrt.obl(DebugSymbols.obs)
37   FOLDER_PROGRAMS                                    isrt.obl(DebugSymbols.obs)
38   FOLDER_STARTMENU                                   isrt.obl(DebugSymbols.obs)
39   FOLDER_STARTUP                                     isrt.obl(DebugSymbols.obs)
40   FOLDER_TEMP                                        isrt.obl(DebugSymbols.obs)
41   FileRegistrar                                      Setup.obs
42   HIDE_DISABLED_BTNS                                 Setup.obs
43   HKEYCURRENTROOTKEY                                 Setup.obs
44   IFX_COMPANY_NAME                                   Setup.obs
45   IFX_DISK1INSTALLED                                 Setup.obs
46   IFX_INITIALIZED                                    Setup.obs
47   IFX_INSTALLED_DISPLAY_VERSION                      Setup.obs
48   IFX_INSTALLED_VERSION                              Setup.obs
49   IFX_KEYPATH_PRODUCT_INFO                           Setup.obs
50   IFX_MULTI_INSTANCE_SUFFIX                          Setup.obs
51   IFX_OPEN_RESTORE_POINT                             isrt.obl(PCRestore.obs)
52   IFX_PRODUCT_COMMENTS                               Setup.obs
53   IFX_PRODUCT_DISPLAY_NAME                           Setup.obs
54   IFX_PRODUCT_DISPLAY_VERSION                        Setup.obs
55   IFX_PRODUCT_ICON                                   Setup.obs
56   IFX_PRODUCT_KEY                                    Setup.obs
57   IFX_PRODUCT_NAME                                   Setup.obs
58   IFX_PRODUCT_README                                 Setup.obs
59   IFX_PRODUCT_REGISTEREDCOMPANY                      Setup.obs
60   IFX_PRODUCT_REGISTEREDOWNER                        Setup.obs
61   IFX_PRODUCT_REGISTEREDSERIALNUM                    Setup.obs
62   IFX_PRODUCT_SUPPORT_CONTACT                        Setup.obs
63   IFX_PRODUCT_SUPPORT_PHONE                          Setup.obs
64   IFX_PRODUCT_SUPPORT_URL                            Setup.obs
65   IFX_PRODUCT_UPDATE_URL                             Setup.obs
66   IFX_PRODUCT_URL                                    Setup.obs
67   IFX_PRODUCT_VERSION                                Setup.obs
68   IFX_RESTORE_DISABLED                               isrt.obl(PCRestore.obs)
69   IFX_SETUP_TITLE                                    Setup.obs
70   IFX_SUPPORTED_VERSIONS                             Setup.obs
71   IISROOTFOLDER                                      isrt.obl(DebugSymbols.obs)
72   INSTALLSCRIPTMSI                                   isrt.obl(DebugSymbols.obs)
73   INSTALLSCRIPTMSIEEUI                               isrt.obl(DebugSymbols.obs)
74   INSTANCE_GUID                                      isrt.obl(DebugSymbols.obs)
75   ISDIFXAPPID                                        Setup.obs
76   ISRES                                              isrt.obl(DebugSymbols.obs)
77   ISUSER                                             isrt.obl(DebugSymbols.obs)
78   ISUTIL_FUNCTION_ACTUAL_ERROR                       Setup.obs
79   ISUTIL_LINE_NUMBER                                 Setup.obs
80   ISUTIL_SCRIPT_FILE                                 Setup.obs
81   ISVERSION                                          isrt.obl(DebugSymbols.obs)
82   IS_INSTALL_YAHOO_TOOLBAR                           Setup.obs
83   IS_SET_YAHOO_AS_DEFAULT_SEARCH                     Setup.obs
84   IS_VENDOR_CODE                                     Setup.obs
85   InetSRCDIR                                         Setup.obs
86   LAAW_PARAMETERS                                    Setup.obs
87   LAAW_PROCESS_INFORMATION                           Setup.obs
88   LAAW_SHELLEXECUTEINFO                              Setup.obs
89   LAAW_SHELLEXECUTEVERB                              Setup.obs
90   LAAW_STARTUPINFO                                   Setup.obs
91   LAST_RESULT                                        Setup.obs
92   LogDB                                              Setup.obs
93   MAINTENANCE                                        isrt.obl(DebugSymbols.obs)
94   MAINT_OPTION                                       isrt.obl(DebugSymbols.obs)
95   MEDIA                                              Setup.obs
96   MEDIA_INFO                                         isrt.obl(Feature.obs)
97   MODE                                               Setup.obs
98   MSG                                                ifx.obl(EventsPriv.obs)
99   MULTI_INSTANCE_COUNT                               isrt.obl(DebugSymbols.obs)
100  MainWindow                                         Setup.obs
101  NOTHING                                            Setup.obs
102  OSINFO_PLATFORM_INFO                               Setup.obs
103  OSINFO_PROCESSOR_INFO                              Setup.obs
104  OSVERSIONINFO                                      ifx.obl(EventsPriv.obs)
105  OSVERSIONINFOEX                                    ifx.obl(EventsPriv.obs)
106  Objects                                            Setup.obs
107  PACKAGE_LOCATION                                   isrt.obl(DebugSymbols.obs)
108  POINT                                              ifx.obl(EventsPriv.obs)
109  PRIVILEGED                                         Setup.obs
110  PROCESS_INFORMATION                                Setup.obs
111  PRODUCT_GUID                                       isrt.obl(DebugSymbols.obs)
112  PROGRAMFILES                                       isrt.obl(DebugSymbols.obs)
113  PROGRAMFILES64                                     isrt.obl(DebugSymbols.obs)
114  RECT                                               ifx.obl(EventsPriv.obs)
115  REGDB_OPTIONS                                      Setup.obs
116  REINSTALLMODE                                      isrt.obl(DebugSymbols.obs)
117  REMOVEALLMODE                                      isrt.obl(DebugSymbols.obs)
118  REMOVEONLY                                         isrt.obl(DebugSymbols.obs)
119  RUN_ONCE_PROGRAM                                   isrt.obl(DebugSymbols.obs)
120  Reboot                                             Setup.obs
121  SELECTED_LANGUAGE                                  isrt.obl(DebugSymbols.obs)
122  SERVICE_IS_PARAMS                                  Setup.obs
123  SETUPTYPE_STR_COMPACT                              Setup.obs
124  SETUPTYPE_STR_COMPLETE                             Setup.obs
125  SETUPTYPE_STR_CUSTOM                               Setup.obs
126  SETUPTYPE_STR_TYPICAL                              Setup.obs
127  SHAREDSUPPORTDIR                                   isrt.obl(DebugSymbols.obs)
128  SHELLEXECUTEINFO                                   Setup.obs
129  SHELL_OBJECT_FOLDER                                Setup.obs
130  SHOW_PASSWORD_DIALOG                               isrt.obl(DebugSymbols.obs)
131  SRCDIR                                             Setup.obs
132  SRCDISK                                            isrt.obl(DebugSymbols.obs)
133  STARTUPINFO                                        Setup.obs
134  SUPPORTDIR                                         isrt.obl(DebugSymbols.obs)
135  SYSTEMTIME                                         ifx.obl(EventsPriv.obs)
136  SetupInfo                                          Setup.obs
137  StatusDlg                                          Setup.obs
138  TARGETDIR                                          Setup.obs
139  TARGETDISK                                         isrt.obl(DebugSymbols.obs)
140  TextSub                                            Setup.obs
141  UNINST                                             Setup.obs
142  UNINSTALLKEY                                       Setup.obs
143  UNINSTALL_DISPLAYNAME                              Setup.obs
144  UNINSTALL_STRING                                   Setup.obs
145  UPDATEMODE                                         Setup.obs
146  WINDIR                                             isrt.obl(DebugSymbols.obs)
147  WINDISK                                            isrt.obl(DebugSymbols.obs)
148  WINSYSDIR                                          isrt.obl(DebugSymbols.obs)
149  WINSYSDIR64                                        isrt.obl(DebugSymbols.obs)
150  WINSYSDISK                                         isrt.obl(DebugSymbols.obs)
151  _FONTFILEINFO                                      Setup.obs
152  _INT64                                             ifx.obl(EventsPriv.obs)
153  _ISDIFXINSTALLERINFO                               isrt.obl(ISDIFx.obs)
154  _LAAW_PARAMETERS                                   Setup.obs
155  _LAAW_TEMP_DATA                                    isrt.obl(Extend.obs)
156  _RESTOREPOINTINFO                                  ifx.obl(EventsPriv.obs)
157  _SERVICE_IS_PARAMS                                 Setup.obs
158  _STATEMGRSTATUS                                    ifx.obl(EventsPriv.obs)
159  _WIN9X                                             Setup.obs
160  _WINNT                                             Setup.obs
161  __SYSTEMINFORMATION                                Setup.obs
162  __SYSTEMPROCESSORINFORMATION                       Setup.obs
163  __hContext                                         isrt.obl(Activation.obs)
164  __objGlobalTextSub                                 Setup.obs
165  __szGUID                                           isrt.obl(ISRTInit.obs)
166  bBackButton                                        Setup.obs
167  bCancelButton                                      Setup.obs
168  bEnterDiskBeep                                     isrt.obl(AskDestPathDlg.obs)
169  bFinishButton                                      Setup.obs
170  bIFXLFNoToAll                                      Setup.obs
171  bIFXLFOnRebootToAll                                Setup.obs
172  bIFXLFYesToAll                                     Setup.obs
173  bIFXMD5IgnoreToAll                                 Setup.obs
174  bIFXRONoToAll                                      Setup.obs
175  bIFXROYesToAll                                     Setup.obs
176  bIFXSFNoToAll                                      Setup.obs
177  bIFXSFYesToAll                                     Setup.obs
178  bInstall16                                         Setup.obs
179  bNextButton                                        Setup.obs
180  bSdInit                                            Setup.obs
181  bViewCmptKunits                                    Setup.obs
182  bViewCmptUseDecimal                                Setup.obs
183  g_bSuppressMissingStringWarning                    isrt.obl(Enable.obs)
184  szAppKey                                           Setup.obs
185  szSdProduct                                        Setup.obs
186  szSdStr_NotEnoughSpace                             Setup.obs
