-------------------------------+--------------------------------
    Class Name                 |          Total Instances 
-------------------------------+--------------------------------
    public.stadium             |         141 (100% /     0%)
    public.code                |           6 (100% /     0%)
    public.nation              |         215 (100% /     0%)
    public.event               |         422 (100% /     0%)
    public.athlete             |        6677 (100% /     1%)
    public.participant         |         916 (100% /     1%)
    public.olympic             |          25 (100% /     1%)
    public.game                |        8653 (100% /     2%)
    public.record              |        2000 (100% /     2%)
    public.history             |         147 (100% /     2%)
    dba.t_default              |           0 (100% /     2%)
    dba.departments            |           3 (100% /     2%)
    dba.employees              |           5 (100% /     2%)
    dba.announcements          |           6 (100% /     2%)
    dba.t                      |      700000 (100% /    99%)
    dba.plcsql_tbl             |           1 (100% /   100%)
719217 objects dumped.
LSA : 19596 2392 
