+ printf 'CUBRID=%s\nfixture=%s\nhelpers=%s\n' /mnt/install /home/vimkim/gh/cb/CBRD-27398-pgbuf-inspector-contract/build_preset_release_gcc/bin/pgbuf_inspector_fixture /home/vimkim/gh/cb/CBRD-27398-pgbuf-inspector-contract/unit_tests/pgbuf_inspector
CUBRID=/mnt/install
fixture=/home/vimkim/gh/cb/CBRD-27398-pgbuf-inspector-contract/build_preset_release_gcc/bin/pgbuf_inspector_fixture
helpers=/home/vimkim/gh/cb/CBRD-27398-pgbuf-inspector-contract/unit_tests/pgbuf_inspector
+ command -v cubrid
/mnt/CTP/shell/init_path/cubrid
+ cubrid_rel

CUBRID 11.5.0 (11.5.0.2546-481d26c) (64bit release build for Linux) (Sep  9 2026 19:13:53)

+ git -C /home/vimkim/gh/cb/CBRD-27398-pgbuf-inspector-contract/unit_tests/pgbuf_inspector rev-parse HEAD
f8c068f771ccd141a3c2f08541fe75c84e41ce53
+ git rev-parse HEAD
fatal: not a git repository: /home/vimkim/cubrid-testcases-private-ex/.git/worktrees/CBRD-27398-pgbuf-inspector-fixtures
+ sha256sum /mnt/install/bin/cub_server /mnt/install/lib/libcubrid.so /home/vimkim/gh/cb/CBRD-27398-pgbuf-inspector-contract/build_preset_release_gcc/bin/pgbuf_inspector_fixture /home/vimkim/gh/cb/CBRD-27398-pgbuf-inspector-contract/unit_tests/pgbuf_inspector/controlled_observation.py /home/vimkim/gh/cb/CBRD-27398-pgbuf-inspector-contract/unit_tests/pgbuf_inspector/server_attachment.py
3e65212cdd338f29a84aa9de6d5e1a53d158ad1ba9a8eb2336d074a9d0cc6cec  /mnt/install/bin/cub_server
0aeaeee76c0d977f85eb8d8adf014bb9f9a4a9ffb6714b08cbd4cde789ba27c0  /mnt/install/lib/libcubrid.so
d9adf8f5dd4f839e0856d373a65d33fb5d5995d2210bf77d357309056bcd01f5  /home/vimkim/gh/cb/CBRD-27398-pgbuf-inspector-contract/build_preset_release_gcc/bin/pgbuf_inspector_fixture
71ee62a16251f618f8431a9dd3e0b0a2461e8a3147e9ffcd4c0a69785cf6b837  /home/vimkim/gh/cb/CBRD-27398-pgbuf-inspector-contract/unit_tests/pgbuf_inspector/controlled_observation.py
fe54b20f572b7d3761bfdd9127afb280c0ed67d5079ed04db2f7c287a3be5f1f  /home/vimkim/gh/cb/CBRD-27398-pgbuf-inspector-contract/unit_tests/pgbuf_inspector/server_attachment.py
+ ldd /home/vimkim/gh/cb/CBRD-27398-pgbuf-inspector-contract/build_preset_release_gcc/bin/pgbuf_inspector_fixture
	linux-vdso.so.1 (0x00007ffd44f09000)
	libcubrid.so.11.5 => /mnt/install/lib/libcubrid.so.11.5 (0x00007f289f800000)
	libcascci.so.11.2 => /mnt/install/lib/libcascci.so.11.2 (0x00007f289f200000)
	libm.so.6 => /lib64/libm.so.6 (0x00007f289f125000)
	libgcc_s.so.1 => /lib64/libgcc_s.so.1 (0x00007f28a072a000)
	libc.so.6 => /lib64/libc.so.6 (0x00007f289ee00000)
	/lib64/ld-linux-x86-64.so.2 (0x00007f28a076e000)
