[0mdirenv: loading ~/gh/cb/CBRD-27398-pgbuf-inspector-contract/.envrc
Preset Mode: debug_gcc
Install Dir: /home/vimkim/.cub/install/CBRD-27398-pgbuf-inspector-contract/debug_gcc
DB Dir: /home/vimkim/.cub/db/CBRD-27398-pgbuf-inspector-contract/commondb
Build Dir: /home/vimkim/gh/cb/CBRD-27398-pgbuf-inspector-contract/build_preset_debug_gcc
[0mdirenv: loading ~/gh/cb/CBRD-27398-pgbuf-inspector-contract/.envrc
Preset Mode: debug_gcc
Install Dir: /home/vimkim/.cub/install/CBRD-27398-pgbuf-inspector-contract/debug_gcc
DB Dir: /home/vimkim/.cub/db/CBRD-27398-pgbuf-inspector-contract/commondb
Build Dir: /home/vimkim/gh/cb/CBRD-27398-pgbuf-inspector-contract/build_preset_debug_gcc
[0mdirenv: loading ~/gh/cb/CBRD-27398-pgbuf-inspector-contract/.envrc
Preset Mode: debug_gcc
Install Dir: /home/vimkim/.cub/install/CBRD-27398-pgbuf-inspector-contract/debug_gcc
DB Dir: /home/vimkim/.cub/db/CBRD-27398-pgbuf-inspector-contract/commondb
Build Dir: /home/vimkim/gh/cb/CBRD-27398-pgbuf-inspector-contract/build_preset_debug_gcc
Using JAVA_HOME JDK: /home/vimkim/.local/share/mise/installs/java/temurin-8.0.462+8
[0mdirenv: loading ~/gh/cb/CBRD-27398-pgbuf-inspector-contract/.envrc
Preset Mode: debug_gcc
Install Dir: /home/vimkim/.cub/install/CBRD-27398-pgbuf-inspector-contract/debug_gcc
DB Dir: /home/vimkim/.cub/db/CBRD-27398-pgbuf-inspector-contract/commondb
Build Dir: /home/vimkim/gh/cb/CBRD-27398-pgbuf-inspector-contract/build_preset_debug_gcc
Logging build output to: /home/vimkim/gh/cb/CBRD-27398-pgbuf-inspector-contract/build_preset_debug_gcc/build.log
[0mdirenv: loading ~/gh/cb/CBRD-27398-pgbuf-inspector-contract/.envrc
Preset Mode: debug_gcc
Install Dir: /home/vimkim/.cub/install/CBRD-27398-pgbuf-inspector-contract/debug_gcc
DB Dir: /home/vimkim/.cub/db/CBRD-27398-pgbuf-inspector-contract/commondb
Build Dir: /home/vimkim/gh/cb/CBRD-27398-pgbuf-inspector-contract/build_preset_debug_gcc
[1/33] Running utility command for pl_install_jdk
[INFO] Install JDK 8
[2/33] Performing update step for 'catch2'
[3/33] No patch step for 'catch2'
[4/33] Performing configure step for 'catch2'
loading initial cache file /home/vimkim/gh/cb/CBRD-27398-pgbuf-inspector-contract/build_preset_debug_gcc/unit_tests/catch2-prefix/tmp/catch2-cache-Debug.cmake
-- Configuring done (0.0s)
-- Generating done (0.0s)
-- Build files have been written to: /home/vimkim/gh/cb/CBRD-27398-pgbuf-inspector-contract/build_preset_debug_gcc/unit_tests/catch2-prefix/src/catch2-build
[5/33] Performing build step for 'catch2'
ninja: no work to do.
[6/33] No install step for 'catch2'
[7/33] Completed 'catch2'
[8/33] Building CXX object unit_tests/pgbuf_inspector/CMakeFiles/test_pgbuf_inspector.dir/__/__/src/storage/pgbuf_inspector_scan.cpp.o
[9/33] Building CXX object unit_tests/pgbuf_inspector/CMakeFiles/test_pgbuf_inspector.dir/__/__/src/storage/pgbuf_inspector_socket.cpp.o
[10/33] Building CXX object cubrid/CMakeFiles/cubrid.dir/__/src/storage/pgbuf_inspector_scan.cpp.o
[11/33] Building CXX object unit_tests/pgbuf_inspector/CMakeFiles/test_pgbuf_inspector.dir/test_pgbuf_inspector_scan.cpp.o
[12/33] Building CXX object cubrid/CMakeFiles/cubrid.dir/__/src/storage/pgbuf_inspector_socket.cpp.o
[13/33] Building CXX object cubrid/CMakeFiles/cubrid.dir/__/src/storage/pgbuf_inspector.cpp.o
[14/33] Building CXX object unit_tests/pgbuf_inspector/CMakeFiles/test_pgbuf_inspector.dir/test_pgbuf_inspector_socket.cpp.o
[15/33] Linking CXX executable bin/test_pgbuf_inspector
[16/33] Building CXX object cubrid/CMakeFiles/cubrid.dir/__/src/transaction/boot_sr.c.o
[17/33] Running utility command for jdbc_build
-- Found Git: /usr/bin/git (found version "2.47.3")
[INFO] JDBC VERSION = 11.4.0.0072
Buildfile: /home/vimkim/gh/cb/CBRD-27398-pgbuf-inspector-contract/cubrid-jdbc/build.xml

clean:

src-jar-cubrid:
    [mkdir] Created dir: /home/vimkim/gh/cb/CBRD-27398-pgbuf-inspector-contract/cubrid-jdbc/output/bin-cubrid
    [mkdir] Created dir: /home/vimkim/gh/cb/CBRD-27398-pgbuf-inspector-contract/cubrid-jdbc/output/src-cubrid
     [copy] Copying 1 file to /home/vimkim/gh/cb/CBRD-27398-pgbuf-inspector-contract/cubrid-jdbc/output/src-cubrid
     [copy] Copying 99 files to /home/vimkim/gh/cb/CBRD-27398-pgbuf-inspector-contract/cubrid-jdbc/output/src-cubrid
      [jar] Building jar: /home/vimkim/gh/cb/CBRD-27398-pgbuf-inspector-contract/cubrid-jdbc/cubrid-jdbc-11.4.0.0072-sources.jar

compile-cubrid:
    [javac] Compiling 99 source files to /home/vimkim/gh/cb/CBRD-27398-pgbuf-inspector-contract/cubrid-jdbc/output/bin-cubrid

doc-jar-cubrid:
  [javadoc] Generating Javadoc
  [javadoc] Javadoc execution
  [javadoc] Loading source files for package cubrid.jdbc.driver...
  [javadoc] Loading source files for package cubrid.jdbc.jci...
  [javadoc] Loading source files for package cubrid.jdbc.log...
  [javadoc] Loading source files for package cubrid.jdbc.net...
  [javadoc] Loading source files for package cubrid.jdbc.util...
  [javadoc] Loading source files for package cubrid.sql...
  [javadoc] Constructing Javadoc information...
  [javadoc] Standard Doclet version 1.8.0_462
  [javadoc] Building tree for all the packages and classes...
  [javadoc] Building index for all the packages and classes...
  [javadoc] Building index for all classes...
      [jar] Building jar: /home/vimkim/gh/cb/CBRD-27398-pgbuf-inspector-contract/cubrid-jdbc/cubrid-jdbc-11.4.0.0072-javadoc.jar

dist-cubrid:
      [jar] Building jar: /home/vimkim/gh/cb/CBRD-27398-pgbuf-inspector-contract/cubrid-jdbc/cubrid-jdbc-11.4.0.0072.jar

BUILD SUCCESSFUL
Total time: 3 seconds
[INFO] Generating cubrid_jdbc.jar finished
[18/33] Building CXX object cubrid/CMakeFiles/cubrid.dir/__/src/storage/page_buffer.c.o
[19/33] Linking CXX shared library cubrid/libcubrid.so.11.5
[20/33] Creating library symlink cubrid/libcubrid.so
[21/33] Linking CXX executable bin/cub_server
[22/33] Linking CXX executable bin/unittests_bit
[23/33] Linking CXX executable bin/pgbuf_inspector_fixture
[24/33] Linking CXX executable bin/unittests_area
[25/33] Linking CXX executable bin/unittests_lf
[26/33] Linking CXX executable bin/unittests_snapshot
[27/33] Linking CXX executable bin/test_oos_delete_server
[28/33] Linking CXX executable bin/test_oos_mock_vacuum_server
[29/33] Linking CXX executable bin/test_oos_remove_file_server
[30/33] Linking CXX executable bin/test_oos_vacuum_server
[31/33] Linking CXX executable bin/test_oos_real_vacuum_server
[32/33] Linking CXX executable bin/test_oos_server
[33/33] Running utility command for pl_build
[INFO] JDBC Driver built at cubrid-jdbc submodule
> Task :pl_server:generateGrammarSource UP-TO-DATE
> Task :pl_server:compileJava UP-TO-DATE
> Task :pl_server:processResources UP-TO-DATE
> Task :pl_server:classes UP-TO-DATE
> Task :pl_server:jar
> Task :pl_server:startScripts UP-TO-DATE
> Task :pl_server:distTar
> Task :pl_server:distZip
> Task :pl_server:assemble
> Task :pl_server:check
> Task :pl_server:build

BUILD SUCCESSFUL in 5s
7 actionable tasks: 3 executed, 4 up-to-date

Installation deferred: the target CUBRID environment is busy.
Environment: /home/vimkim/.cub/install/CBRD-27398-pgbuf-inspector-contract/debug_gcc
Active processes:
  PID 2835169  cub_master           /home/vimkim/.cub/install/CBRD-27398-pgbuf-inspector-contract/debug_gcc/bin/cub_master
  PID 3061639  cub_server           /home/vimkim/.cub/install/CBRD-27398-pgbuf-inspector-contract/debug_gcc/bin/cub_server
  PID 3061642  cub_pl               /home/vimkim/.cub/install/CBRD-27398-pgbuf-inspector-contract/debug_gcc/bin/cub_pl
No process was stopped. Retry with: just install
error: recipe `build` failed with exit code 75
